17:00:46.570 [main] WARN  org.testng.TestNG - Ignoring duplicate listener : utilities.ExtentReportManager
17:00:49.838 [main] INFO  testCases.TC001_AccountRegistrationTest - ***** Starting TC001_AccountRegistrationTest *****
17:00:49.933 [main] INFO  testCases.TC001_AccountRegistrationTest - Clicked on MyAccount Link 
17:00:50.270 [main] INFO  testCases.TC001_AccountRegistrationTest - Clicked on Register Link 
17:00:50.272 [main] INFO  testCases.TC001_AccountRegistrationTest - Providing customer details....
17:00:51.408 [main] INFO  testCases.TC001_AccountRegistrationTest - Validation expected message...
17:00:51.438 [main] INFO  testCases.TC001_AccountRegistrationTest - ***** Finished TC001_AccountRegistrationTest *****
17:00:53.621 [main] INFO  testCases.TC002_LoginTest - ***** Starting TC_002_LoginTest *****
17:00:54.863 [main] INFO  testCases.TC002_LoginTest - ***** Finished TC_002_LoginTest *****
17:00:58.019 [main] INFO  testCases.TC001_AccountRegistrationTest - ***** Starting TC001_AccountRegistrationTest *****
17:00:58.112 [main] INFO  testCases.TC001_AccountRegistrationTest - Clicked on MyAccount Link 
17:00:58.532 [main] INFO  testCases.TC001_AccountRegistrationTest - Clicked on Register Link 
17:00:58.532 [main] INFO  testCases.TC001_AccountRegistrationTest - Providing customer details....
17:00:59.588 [main] INFO  testCases.TC001_AccountRegistrationTest - Validation expected message...
17:00:59.614 [main] INFO  testCases.TC001_AccountRegistrationTest - ***** Finished TC001_AccountRegistrationTest *****
17:01:57.898 [main] WARN  org.testng.TestNG - Ignoring duplicate listener : utilities.ExtentReportManager
17:02:01.025 [main] INFO  testCases.TC001_AccountRegistrationTest - ***** Starting TC001_AccountRegistrationTest *****
17:02:01.124 [main] INFO  testCases.TC001_AccountRegistrationTest - Clicked on MyAccount Link 
17:02:01.511 [main] INFO  testCases.TC001_AccountRegistrationTest - Clicked on Register Link 
17:02:01.513 [main] INFO  testCases.TC001_AccountRegistrationTest - Providing customer details....
17:02:02.582 [main] INFO  testCases.TC001_AccountRegistrationTest - Validation expected message...
17:02:02.612 [main] INFO  testCases.TC001_AccountRegistrationTest - ***** Finished TC001_AccountRegistrationTest *****
17:02:04.829 [main] INFO  testCases.TC002_LoginTest - ***** Starting TC_002_LoginTest *****
17:02:06.035 [main] INFO  testCases.TC002_LoginTest - ***** Finished TC_002_LoginTest *****
17:02:09.045 [main] INFO  testCases.TC001_AccountRegistrationTest - ***** Starting TC001_AccountRegistrationTest *****
17:02:09.181 [main] INFO  testCases.TC001_AccountRegistrationTest - Clicked on MyAccount Link 
17:02:09.720 [main] INFO  testCases.TC001_AccountRegistrationTest - Clicked on Register Link 
17:02:09.721 [main] INFO  testCases.TC001_AccountRegistrationTest - Providing customer details....
17:02:10.789 [main] INFO  testCases.TC001_AccountRegistrationTest - Validation expected message...
17:02:10.813 [main] INFO  testCases.TC001_AccountRegistrationTest - ***** Finished TC001_AccountRegistrationTest *****
17:02:13.121 [main] INFO  testCases.TC002_LoginTest - ***** Starting TC_002_LoginTest *****
17:02:14.256 [main] INFO  testCases.TC002_LoginTest - ***** Finished TC_002_LoginTest *****
17:04:35.275 [main] WARN  org.testng.TestNG - Ignoring duplicate listener : utilities.ExtentReportManager
17:04:38.749 [main] INFO  testCases.TC001_AccountRegistrationTest - ***** Starting TC001_AccountRegistrationTest *****
17:04:38.863 [main] INFO  testCases.TC001_AccountRegistrationTest - Clicked on MyAccount Link 
17:04:39.267 [main] INFO  testCases.TC001_AccountRegistrationTest - Clicked on Register Link 
17:04:39.269 [main] INFO  testCases.TC001_AccountRegistrationTest - Providing customer details....
17:04:40.262 [main] INFO  testCases.TC001_AccountRegistrationTest - Validation expected message...
17:04:40.297 [main] INFO  testCases.TC001_AccountRegistrationTest - ***** Finished TC001_AccountRegistrationTest *****
17:04:42.546 [main] INFO  testCases.TC002_LoginTest - ***** Starting TC_002_LoginTest *****
17:04:43.730 [main] INFO  testCases.TC002_LoginTest - ***** Finished TC_002_LoginTest *****
17:04:46.888 [main] INFO  testCases.TC001_AccountRegistrationTest - ***** Starting TC001_AccountRegistrationTest *****
17:04:46.969 [main] INFO  testCases.TC001_AccountRegistrationTest - Clicked on MyAccount Link 
17:04:48.425 [main] INFO  testCases.TC001_AccountRegistrationTest - Clicked on Register Link 
17:04:48.426 [main] INFO  testCases.TC001_AccountRegistrationTest - Providing customer details....
17:04:49.676 [main] INFO  testCases.TC001_AccountRegistrationTest - Validation expected message...
17:04:49.717 [main] INFO  testCases.TC001_AccountRegistrationTest - ***** Finished TC001_AccountRegistrationTest *****
17:04:51.988 [main] INFO  testCases.TC002_LoginTest - ***** Starting TC_002_LoginTest *****
17:04:53.222 [main] INFO  testCases.TC002_LoginTest - ***** Finished TC_002_LoginTest *****
17:05:43.919 [main] WARN  org.testng.TestNG - Ignoring duplicate listener : utilities.ExtentReportManager
17:07:35.071 [main] WARN  org.testng.TestNG - Ignoring duplicate listener : utilities.ExtentReportManager
17:09:24.206 [main] WARN  org.testng.TestNG - Ignoring duplicate listener : utilities.ExtentReportManager
17:09:50.729 [main] WARN  org.testng.TestNG - Ignoring duplicate listener : utilities.ExtentReportManager
17:09:53.581 [main] INFO  testCases.TC001_AccountRegistrationTest - ***** Starting TC001_AccountRegistrationTest *****
17:09:53.679 [main] INFO  testCases.TC001_AccountRegistrationTest - Clicked on MyAccount Link 
17:09:54.095 [main] INFO  testCases.TC001_AccountRegistrationTest - Clicked on Register Link 
17:09:54.097 [main] INFO  testCases.TC001_AccountRegistrationTest - Providing customer details....
17:09:55.210 [main] INFO  testCases.TC001_AccountRegistrationTest - Validation expected message...
17:09:55.249 [main] INFO  testCases.TC001_AccountRegistrationTest - ***** Finished TC001_AccountRegistrationTest *****
17:09:57.600 [main] INFO  testCases.TC002_LoginTest - ***** Starting TC_002_LoginTest *****
17:09:58.885 [main] INFO  testCases.TC002_LoginTest - ***** Finished TC_002_LoginTest *****
17:10:02.346 [main] INFO  testCases.TC001_AccountRegistrationTest - ***** Starting TC001_AccountRegistrationTest *****
17:10:02.419 [main] INFO  testCases.TC001_AccountRegistrationTest - Clicked on MyAccount Link 
17:10:03.291 [main] INFO  testCases.TC001_AccountRegistrationTest - Clicked on Register Link 
17:10:03.292 [main] INFO  testCases.TC001_AccountRegistrationTest - Providing customer details....
17:10:05.857 [main] INFO  testCases.TC001_AccountRegistrationTest - Validation expected message...
17:10:05.892 [main] INFO  testCases.TC001_AccountRegistrationTest - ***** Finished TC001_AccountRegistrationTest *****
17:10:08.140 [main] INFO  testCases.TC002_LoginTest - ***** Starting TC_002_LoginTest *****
17:10:09.350 [main] INFO  testCases.TC002_LoginTest - ***** Finished TC_002_LoginTest *****
17:10:41.507 [main] INFO  testCases.TC002_LoginTest - ***** Starting TC_002_LoginTest *****
17:10:42.785 [main] INFO  testCases.TC002_LoginTest - ***** Finished TC_002_LoginTest *****
17:10:45.880 [main] INFO  testCases.TC001_AccountRegistrationTest - ***** Starting TC001_AccountRegistrationTest *****
17:10:45.972 [main] INFO  testCases.TC001_AccountRegistrationTest - Clicked on MyAccount Link 
17:10:46.363 [main] INFO  testCases.TC001_AccountRegistrationTest - Clicked on Register Link 
17:10:46.366 [main] INFO  testCases.TC001_AccountRegistrationTest - Providing customer details....
17:10:47.570 [main] INFO  testCases.TC001_AccountRegistrationTest - Validation expected message...
17:10:47.605 [main] INFO  testCases.TC001_AccountRegistrationTest - ***** Finished TC001_AccountRegistrationTest *****
17:10:51.222 [main] INFO  testCases.TC002_LoginTest - ***** Starting TC_002_LoginTest *****
17:10:52.472 [main] INFO  testCases.TC002_LoginTest - ***** Finished TC_002_LoginTest *****
17:11:11.577 [main] WARN  org.testng.TestNG - Ignoring duplicate listener : utilities.ExtentReportManager
17:11:14.279 [main] INFO  testCases.TC001_AccountRegistrationTest - ***** Starting TC001_AccountRegistrationTest *****
17:11:14.378 [main] INFO  testCases.TC001_AccountRegistrationTest - Clicked on MyAccount Link 
17:11:14.736 [main] INFO  testCases.TC001_AccountRegistrationTest - Clicked on Register Link 
17:11:14.738 [main] INFO  testCases.TC001_AccountRegistrationTest - Providing customer details....
17:11:15.792 [main] INFO  testCases.TC001_AccountRegistrationTest - Validation expected message...
17:11:15.827 [main] INFO  testCases.TC001_AccountRegistrationTest - ***** Finished TC001_AccountRegistrationTest *****
17:11:18.078 [main] INFO  testCases.TC002_LoginTest - ***** Starting TC_002_LoginTest *****
17:11:19.264 [main] INFO  testCases.TC002_LoginTest - ***** Finished TC_002_LoginTest *****
17:11:22.255 [main] INFO  testCases.TC001_AccountRegistrationTest - ***** Starting TC001_AccountRegistrationTest *****
17:11:22.347 [main] INFO  testCases.TC001_AccountRegistrationTest - Clicked on MyAccount Link 
17:11:22.720 [main] INFO  testCases.TC001_AccountRegistrationTest - Clicked on Register Link 
17:11:22.721 [main] INFO  testCases.TC001_AccountRegistrationTest - Providing customer details....
17:11:23.822 [main] INFO  testCases.TC001_AccountRegistrationTest - Validation expected message...
17:11:23.861 [main] INFO  testCases.TC001_AccountRegistrationTest - ***** Finished TC001_AccountRegistrationTest *****
17:11:26.311 [main] INFO  testCases.TC002_LoginTest - ***** Starting TC_002_LoginTest *****
17:11:27.472 [main] INFO  testCases.TC002_LoginTest - ***** Finished TC_002_LoginTest *****
17:11:47.836 [main] INFO  testCases.TC001_AccountRegistrationTest - ***** Starting TC001_AccountRegistrationTest *****
17:11:47.932 [main] INFO  testCases.TC001_AccountRegistrationTest - Clicked on MyAccount Link 
17:11:48.295 [main] INFO  testCases.TC001_AccountRegistrationTest - Clicked on Register Link 
17:11:48.297 [main] INFO  testCases.TC001_AccountRegistrationTest - Providing customer details....
17:11:49.375 [main] INFO  testCases.TC001_AccountRegistrationTest - Validation expected message...
17:11:49.411 [main] INFO  testCases.TC001_AccountRegistrationTest - ***** Finished TC001_AccountRegistrationTest *****
17:11:51.665 [main] INFO  testCases.TC002_LoginTest - ***** Starting TC_002_LoginTest *****
17:11:52.916 [main] INFO  testCases.TC002_LoginTest - ***** Finished TC_002_LoginTest *****
17:12:40.490 [main] WARN  org.testng.TestNG - Ignoring duplicate listener : utilities.ExtentReportManager
17:12:55.812 [main] INFO  testCases.TC001_AccountRegistrationTest - ***** Starting TC001_AccountRegistrationTest *****
17:12:55.922 [main] INFO  testCases.TC001_AccountRegistrationTest - Clicked on MyAccount Link 
17:12:58.351 [main] INFO  testCases.TC001_AccountRegistrationTest - Clicked on Register Link 
17:12:58.353 [main] INFO  testCases.TC001_AccountRegistrationTest - Providing customer details....
17:12:59.504 [main] INFO  testCases.TC001_AccountRegistrationTest - Validation expected message...
17:12:59.531 [main] INFO  testCases.TC001_AccountRegistrationTest - ***** Finished TC001_AccountRegistrationTest *****
17:13:12.773 [main] INFO  testCases.TC002_LoginTest - ***** Starting TC_002_LoginTest *****
17:13:14.387 [main] INFO  testCases.TC002_LoginTest - ***** Finished TC_002_LoginTest *****
17:13:17.490 [main] INFO  testCases.TC001_AccountRegistrationTest - ***** Starting TC001_AccountRegistrationTest *****
17:13:17.581 [main] INFO  testCases.TC001_AccountRegistrationTest - Clicked on MyAccount Link 
17:13:18.986 [main] INFO  testCases.TC001_AccountRegistrationTest - Clicked on Register Link 
17:13:18.986 [main] INFO  testCases.TC001_AccountRegistrationTest - Providing customer details....
17:13:20.122 [main] INFO  testCases.TC001_AccountRegistrationTest - Validation expected message...
17:13:20.161 [main] INFO  testCases.TC001_AccountRegistrationTest - ***** Finished TC001_AccountRegistrationTest *****
17:13:22.428 [main] INFO  testCases.TC002_LoginTest - ***** Starting TC_002_LoginTest *****
17:13:23.652 [main] INFO  testCases.TC002_LoginTest - ***** Finished TC_002_LoginTest *****
17:21:41.270 [TestNG-tests-1] INFO  testCases.TC001_AccountRegistrationTest - ***** Starting TC001_AccountRegistrationTest *****
17:21:43.862 [TestNG-tests-3] INFO  testCases.TC001_AccountRegistrationTest - ***** Starting TC001_AccountRegistrationTest *****
17:21:43.862 [TestNG-tests-2] INFO  testCases.TC001_AccountRegistrationTest - ***** Starting TC001_AccountRegistrationTest *****
17:21:44.114 [TestNG-tests-3] INFO  testCases.TC001_AccountRegistrationTest - Clicked on MyAccount Link 
17:21:44.325 [TestNG-tests-2] INFO  testCases.TC001_AccountRegistrationTest - Clicked on MyAccount Link 
17:22:50.616 [TestNG-tests-1] INFO  testCases.TC001_AccountRegistrationTest - ***** Starting TC001_AccountRegistrationTest *****
17:22:50.997 [TestNG-tests-1] INFO  testCases.TC001_AccountRegistrationTest - Clicked on MyAccount Link 
17:22:51.601 [TestNG-tests-1] INFO  testCases.TC001_AccountRegistrationTest - Clicked on Register Link 
17:22:51.604 [TestNG-tests-1] INFO  testCases.TC001_AccountRegistrationTest - Providing customer details....
17:23:02.697 [TestNG-tests-2] INFO  testCases.TC001_AccountRegistrationTest - ***** Starting TC001_AccountRegistrationTest *****
17:23:02.698 [TestNG-tests-3] INFO  testCases.TC001_AccountRegistrationTest - ***** Starting TC001_AccountRegistrationTest *****
17:23:02.941 [TestNG-tests-2] INFO  testCases.TC001_AccountRegistrationTest - Clicked on MyAccount Link 
17:23:03.157 [TestNG-tests-3] INFO  testCases.TC001_AccountRegistrationTest - Clicked on MyAccount Link 
17:24:23.423 [TestNG-tests-1] INFO  testCases.TC001_AccountRegistrationTest - ***** Starting TC001_AccountRegistrationTest *****
17:24:23.732 [TestNG-tests-1] INFO  testCases.TC001_AccountRegistrationTest - Clicked on MyAccount Link 
17:24:24.194 [TestNG-tests-1] INFO  testCases.TC001_AccountRegistrationTest - Clicked on Register Link 
17:24:24.203 [TestNG-tests-1] INFO  testCases.TC001_AccountRegistrationTest - Providing customer details....
17:24:35.249 [TestNG-tests-2] INFO  testCases.TC001_AccountRegistrationTest - ***** Starting TC001_AccountRegistrationTest *****
17:24:35.784 [TestNG-tests-3] INFO  testCases.TC001_AccountRegistrationTest - ***** Starting TC001_AccountRegistrationTest *****
17:24:36.010 [TestNG-tests-2] INFO  testCases.TC001_AccountRegistrationTest - Clicked on MyAccount Link 
17:26:28.598 [TestNG-tests-1] INFO  testCases.TC001_AccountRegistrationTest - ***** Starting TC001_AccountRegistrationTest *****
17:26:29.087 [TestNG-tests-1] INFO  testCases.TC001_AccountRegistrationTest - Clicked on MyAccount Link 
17:26:29.702 [TestNG-tests-1] INFO  testCases.TC001_AccountRegistrationTest - Clicked on Register Link 
17:26:29.704 [TestNG-tests-1] INFO  testCases.TC001_AccountRegistrationTest - Providing customer details....
17:26:40.804 [TestNG-tests-2] INFO  testCases.TC001_AccountRegistrationTest - ***** Starting TC001_AccountRegistrationTest *****
17:26:40.810 [TestNG-tests-3] INFO  testCases.TC001_AccountRegistrationTest - ***** Starting TC001_AccountRegistrationTest *****
17:26:41.053 [TestNG-tests-2] INFO  testCases.TC001_AccountRegistrationTest - Clicked on MyAccount Link 
17:26:41.264 [TestNG-tests-3] INFO  testCases.TC001_AccountRegistrationTest - Clicked on MyAccount Link 
17:27:13.580 [TestNG-tests-1] INFO  testCases.TC001_AccountRegistrationTest - ***** Starting TC001_AccountRegistrationTest *****
17:27:13.986 [TestNG-tests-1] INFO  testCases.TC001_AccountRegistrationTest - Clicked on MyAccount Link 
17:27:14.596 [TestNG-tests-1] INFO  testCases.TC001_AccountRegistrationTest - Clicked on Register Link 
17:27:14.597 [TestNG-tests-1] INFO  testCases.TC001_AccountRegistrationTest - Providing customer details....
17:27:25.955 [TestNG-tests-2] INFO  testCases.TC001_AccountRegistrationTest - ***** Starting TC001_AccountRegistrationTest *****
17:27:25.957 [TestNG-tests-3] INFO  testCases.TC001_AccountRegistrationTest - ***** Starting TC001_AccountRegistrationTest *****
17:27:26.201 [TestNG-tests-2] INFO  testCases.TC001_AccountRegistrationTest - Clicked on MyAccount Link 
17:27:26.418 [TestNG-tests-3] INFO  testCases.TC001_AccountRegistrationTest - Clicked on MyAccount Link 
17:28:16.431 [main] WARN  org.testng.TestNG - Ignoring duplicate listener : utilities.ExtentReportManager
17:28:26.136 [main] INFO  testCases.TC001_AccountRegistrationTest - ***** Starting TC001_AccountRegistrationTest *****
17:28:26.232 [main] INFO  testCases.TC001_AccountRegistrationTest - Clicked on MyAccount Link 
17:28:27.940 [main] INFO  testCases.TC001_AccountRegistrationTest - Clicked on Register Link 
17:28:27.942 [main] INFO  testCases.TC001_AccountRegistrationTest - Providing customer details....
17:28:29.595 [main] INFO  testCases.TC001_AccountRegistrationTest - Validation expected message...
17:28:29.624 [main] INFO  testCases.TC001_AccountRegistrationTest - ***** Finished TC001_AccountRegistrationTest *****
17:28:31.934 [main] INFO  testCases.TC002_LoginTest - ***** Starting TC_002_LoginTest *****
17:28:33.095 [main] INFO  testCases.TC002_LoginTest - ***** Finished TC_002_LoginTest *****
17:28:45.409 [main] INFO  testCases.TC001_AccountRegistrationTest - ***** Starting TC001_AccountRegistrationTest *****
17:28:45.491 [main] INFO  testCases.TC001_AccountRegistrationTest - Clicked on MyAccount Link 
17:28:46.119 [main] INFO  testCases.TC001_AccountRegistrationTest - Clicked on Register Link 
17:28:46.119 [main] INFO  testCases.TC001_AccountRegistrationTest - Providing customer details....
17:28:47.228 [main] INFO  testCases.TC001_AccountRegistrationTest - Validation expected message...
17:28:47.257 [main] INFO  testCases.TC001_AccountRegistrationTest - ***** Finished TC001_AccountRegistrationTest *****
17:29:01.703 [main] INFO  testCases.TC002_LoginTest - ***** Starting TC_002_LoginTest *****
17:29:02.851 [main] INFO  testCases.TC002_LoginTest - ***** Finished TC_002_LoginTest *****
15:23:32.537 [main] WARN  org.testng.TestNG - Ignoring duplicate listener : utilities.ExtentReportManager
15:27:22.661 [main] WARN  org.testng.TestNG - Ignoring duplicate listener : utilities.ExtentReportManager
15:28:54.451 [main] WARN  org.testng.TestNG - Ignoring duplicate listener : utilities.ExtentReportManager
14:59:38.541 [main] WARN  org.testng.TestNG - Ignoring duplicate listener : utilities.ExtentReportManager
14:59:47.952 [main] INFO  testCases.TC001_AccountRegistrationTest - ***** Starting TC001_AccountRegistrationTest *****
14:59:48.037 [main] INFO  testCases.TC001_AccountRegistrationTest - Clicked on MyAccount Link 
14:59:48.397 [main] INFO  testCases.TC001_AccountRegistrationTest - Clicked on Register Link 
14:59:48.398 [main] INFO  testCases.TC001_AccountRegistrationTest - Providing customer details....
14:59:49.456 [main] INFO  testCases.TC001_AccountRegistrationTest - Validation expected message...
14:59:49.485 [main] INFO  testCases.TC001_AccountRegistrationTest - ***** Finished TC001_AccountRegistrationTest *****
14:59:51.453 [main] INFO  testCases.TC002_LoginTest - ***** Starting TC_002_LoginTest *****
14:59:52.579 [main] INFO  testCases.TC002_LoginTest - ***** Finished TC_002_LoginTest *****
14:59:55.609 [main] INFO  testCases.TC001_AccountRegistrationTest - ***** Starting TC001_AccountRegistrationTest *****
14:59:55.750 [main] INFO  testCases.TC001_AccountRegistrationTest - Clicked on MyAccount Link 
14:59:56.093 [main] INFO  testCases.TC001_AccountRegistrationTest - Clicked on Register Link 
14:59:56.093 [main] INFO  testCases.TC001_AccountRegistrationTest - Providing customer details....
14:59:57.136 [main] INFO  testCases.TC001_AccountRegistrationTest - Validation expected message...
14:59:57.163 [main] INFO  testCases.TC001_AccountRegistrationTest - ***** Finished TC001_AccountRegistrationTest *****
14:59:59.170 [main] INFO  testCases.TC002_LoginTest - ***** Starting TC_002_LoginTest *****
15:00:00.341 [main] INFO  testCases.TC002_LoginTest - ***** Finished TC_002_LoginTest *****
12:08:17.164 [main] WARN  org.testng.TestNG - Ignoring duplicate listener : utilities.ExtentReportManager
12:09:14.448 [main] INFO  testCases.TC001_AccountRegistrationTest - ***** Starting TC001_AccountRegistrationTest *****
12:09:14.549 [main] INFO  testCases.TC001_AccountRegistrationTest - Clicked on MyAccount Link 
12:09:15.822 [main] INFO  testCases.TC001_AccountRegistrationTest - Clicked on Register Link 
12:09:15.824 [main] INFO  testCases.TC001_AccountRegistrationTest - Providing customer details....
12:09:16.945 [main] INFO  testCases.TC001_AccountRegistrationTest - Validation expected message...
12:09:16.980 [main] INFO  testCases.TC001_AccountRegistrationTest - ***** Finished TC001_AccountRegistrationTest *****
12:09:19.290 [main] INFO  testCases.TC002_LoginTest - ***** Starting TC_002_LoginTest *****
12:09:20.460 [main] INFO  testCases.TC002_LoginTest - ***** Finished TC_002_LoginTest *****
12:09:26.425 [main] INFO  testCases.TC001_AccountRegistrationTest - ***** Starting TC001_AccountRegistrationTest *****
12:09:26.490 [main] INFO  testCases.TC001_AccountRegistrationTest - Clicked on MyAccount Link 
12:09:27.102 [main] INFO  testCases.TC001_AccountRegistrationTest - Clicked on Register Link 
12:09:27.102 [main] INFO  testCases.TC001_AccountRegistrationTest - Providing customer details....
12:09:28.199 [main] INFO  testCases.TC001_AccountRegistrationTest - Validation expected message...
12:09:28.225 [main] INFO  testCases.TC001_AccountRegistrationTest - ***** Finished TC001_AccountRegistrationTest *****
12:09:33.690 [main] INFO  testCases.TC002_LoginTest - ***** Starting TC_002_LoginTest *****
12:09:34.831 [main] INFO  testCases.TC002_LoginTest - ***** Finished TC_002_LoginTest *****
08:46:24.856 [main] WARN  org.testng.TestNG - Ignoring duplicate listener : utilities.ExtentReportManager
08:47:03.625 [main] INFO  testCases.TC001_AccountRegistrationTest - ***** Starting TC001_AccountRegistrationTest *****
08:47:03.750 [main] INFO  testCases.TC001_AccountRegistrationTest - Clicked on MyAccount Link 
08:47:04.476 [main] INFO  testCases.TC001_AccountRegistrationTest - Clicked on Register Link 
08:47:04.479 [main] INFO  testCases.TC001_AccountRegistrationTest - Providing customer details....
08:47:06.179 [main] INFO  testCases.TC001_AccountRegistrationTest - Validation expected message...
08:47:06.225 [main] INFO  testCases.TC001_AccountRegistrationTest - ***** Finished TC001_AccountRegistrationTest *****
08:47:09.848 [main] INFO  testCases.TC002_LoginTest - ***** Starting TC_002_LoginTest *****
08:47:11.375 [main] INFO  testCases.TC002_LoginTest - ***** Finished TC_002_LoginTest *****
08:47:16.051 [main] INFO  testCases.TC001_AccountRegistrationTest - ***** Starting TC001_AccountRegistrationTest *****
08:47:16.159 [main] INFO  testCases.TC001_AccountRegistrationTest - Clicked on MyAccount Link 
08:47:16.723 [main] INFO  testCases.TC001_AccountRegistrationTest - Clicked on Register Link 
08:47:16.723 [main] INFO  testCases.TC001_AccountRegistrationTest - Providing customer details....
08:47:18.351 [main] INFO  testCases.TC001_AccountRegistrationTest - Validation expected message...
08:47:18.401 [main] INFO  testCases.TC001_AccountRegistrationTest - ***** Finished TC001_AccountRegistrationTest *****
08:47:21.842 [main] INFO  testCases.TC002_LoginTest - ***** Starting TC_002_LoginTest *****
08:47:23.348 [main] INFO  testCases.TC002_LoginTest - ***** Finished TC_002_LoginTest *****
18:01:30.819 [main] WARN  org.testng.TestNG - Ignoring duplicate listener : utilities.ExtentReportManager
18:01:42.353 [main] INFO  testCases.TC001_AccountRegistrationTest - ***** Starting TC001_AccountRegistrationTest *****
18:01:42.447 [main] INFO  testCases.TC001_AccountRegistrationTest - Clicked on MyAccount Link 
18:01:43.133 [main] INFO  testCases.TC001_AccountRegistrationTest - Clicked on Register Link 
18:01:43.134 [main] INFO  testCases.TC001_AccountRegistrationTest - Providing customer details....
18:01:44.818 [main] INFO  testCases.TC001_AccountRegistrationTest - Validation expected message...
18:01:44.852 [main] INFO  testCases.TC001_AccountRegistrationTest - ***** Finished TC001_AccountRegistrationTest *****
18:01:47.225 [main] INFO  testCases.TC002_LoginTest - ***** Starting TC_002_LoginTest *****
18:01:48.997 [main] INFO  testCases.TC002_LoginTest - ***** Finished TC_002_LoginTest *****
18:01:53.451 [main] INFO  testCases.TC001_AccountRegistrationTest - ***** Starting TC001_AccountRegistrationTest *****
18:01:53.518 [main] INFO  testCases.TC001_AccountRegistrationTest - Clicked on MyAccount Link 
18:01:54.170 [main] INFO  testCases.TC001_AccountRegistrationTest - Clicked on Register Link 
18:01:54.171 [main] INFO  testCases.TC001_AccountRegistrationTest - Providing customer details....
18:01:55.712 [main] INFO  testCases.TC001_AccountRegistrationTest - Validation expected message...
18:01:55.747 [main] INFO  testCases.TC001_AccountRegistrationTest - ***** Finished TC001_AccountRegistrationTest *****
18:01:59.950 [main] INFO  testCases.TC002_LoginTest - ***** Starting TC_002_LoginTest *****
18:02:01.268 [main] INFO  testCases.TC002_LoginTest - ***** Finished TC_002_LoginTest *****
13:22:47.349 [main] WARN  org.testng.TestNG - Ignoring duplicate listener : utilities.ExtentReportManager
13:23:28.968 [main] INFO  testCases.TC001_AccountRegistrationTest - ***** Starting TC001_AccountRegistrationTest *****
13:23:29.078 [main] INFO  testCases.TC001_AccountRegistrationTest - Clicked on MyAccount Link 
13:23:29.640 [main] INFO  testCases.TC001_AccountRegistrationTest - Clicked on Register Link 
13:23:29.642 [main] INFO  testCases.TC001_AccountRegistrationTest - Providing customer details....
13:23:30.719 [main] INFO  testCases.TC001_AccountRegistrationTest - Validation expected message...
13:23:30.754 [main] INFO  testCases.TC001_AccountRegistrationTest - ***** Finished TC001_AccountRegistrationTest *****
13:23:33.756 [main] INFO  testCases.TC002_LoginTest - ***** Starting TC_002_LoginTest *****
13:23:35.353 [main] INFO  testCases.TC002_LoginTest - ***** Finished TC_002_LoginTest *****
13:23:39.923 [main] INFO  testCases.TC001_AccountRegistrationTest - ***** Starting TC001_AccountRegistrationTest *****
13:23:40.026 [main] INFO  testCases.TC001_AccountRegistrationTest - Clicked on MyAccount Link 
13:23:40.890 [main] INFO  testCases.TC001_AccountRegistrationTest - Clicked on Register Link 
13:23:40.890 [main] INFO  testCases.TC001_AccountRegistrationTest - Providing customer details....
13:23:42.065 [main] INFO  testCases.TC001_AccountRegistrationTest - Validation expected message...
13:23:42.100 [main] INFO  testCases.TC001_AccountRegistrationTest - ***** Finished TC001_AccountRegistrationTest *****
13:23:45.068 [main] INFO  testCases.TC002_LoginTest - ***** Starting TC_002_LoginTest *****
13:23:46.835 [main] INFO  testCases.TC002_LoginTest - ***** Finished TC_002_LoginTest *****
11:33:54.145 [main] WARN  org.testng.TestNG - Ignoring duplicate listener : utilities.ExtentReportManager
11:34:33.668 [main] INFO  testCases.TC001_AccountRegistrationTest - ***** Starting TC001_AccountRegistrationTest *****
11:34:33.816 [main] INFO  testCases.TC001_AccountRegistrationTest - Clicked on MyAccount Link 
11:34:34.754 [main] INFO  testCases.TC001_AccountRegistrationTest - Clicked on Register Link 
11:34:34.757 [main] INFO  testCases.TC001_AccountRegistrationTest - Providing customer details....
11:34:36.064 [main] INFO  testCases.TC001_AccountRegistrationTest - Validation expected message...
11:34:36.101 [main] INFO  testCases.TC001_AccountRegistrationTest - ***** Finished TC001_AccountRegistrationTest *****
11:34:39.722 [main] INFO  testCases.TC002_LoginTest - ***** Starting TC_002_LoginTest *****
11:34:41.148 [main] INFO  testCases.TC002_LoginTest - ***** Finished TC_002_LoginTest *****
11:34:46.744 [main] INFO  testCases.TC001_AccountRegistrationTest - ***** Starting TC001_AccountRegistrationTest *****
11:34:46.862 [main] INFO  testCases.TC001_AccountRegistrationTest - Clicked on MyAccount Link 
11:34:48.281 [main] INFO  testCases.TC001_AccountRegistrationTest - Clicked on Register Link 
11:34:48.282 [main] INFO  testCases.TC001_AccountRegistrationTest - Providing customer details....
11:34:49.047 [main] INFO  testCases.TC001_AccountRegistrationTest - Validation expected message...
11:34:49.854 [main] INFO  testCases.TC001_AccountRegistrationTest - ***** Finished TC001_AccountRegistrationTest *****
11:34:56.259 [main] INFO  testCases.TC002_LoginTest - ***** Starting TC_002_LoginTest *****
11:34:58.451 [main] INFO  testCases.TC002_LoginTest - ***** Finished TC_002_LoginTest *****
12:09:04.596 [main] WARN  org.testng.TestNG - Ignoring duplicate listener : utilities.ExtentReportManager
12:09:09.845 [main] INFO  testCases.TC001_AccountRegistrationTest - ***** Starting TC001_AccountRegistrationTest *****
12:09:09.958 [main] INFO  testCases.TC001_AccountRegistrationTest - Clicked on MyAccount Link 
12:09:10.356 [main] INFO  testCases.TC001_AccountRegistrationTest - Clicked on Register Link 
12:09:10.358 [main] INFO  testCases.TC001_AccountRegistrationTest - Providing customer details....
12:09:11.629 [main] INFO  testCases.TC001_AccountRegistrationTest - Validation expected message...
12:09:11.657 [main] INFO  testCases.TC001_AccountRegistrationTest - ***** Finished TC001_AccountRegistrationTest *****
12:09:14.766 [main] INFO  testCases.TC002_LoginTest - ***** Starting TC_002_LoginTest *****
12:09:16.050 [main] INFO  testCases.TC002_LoginTest - ***** Finished TC_002_LoginTest *****
12:09:20.510 [main] INFO  testCases.TC001_AccountRegistrationTest - ***** Starting TC001_AccountRegistrationTest *****
12:09:20.644 [main] INFO  testCases.TC001_AccountRegistrationTest - Clicked on MyAccount Link 
12:09:21.671 [main] INFO  testCases.TC001_AccountRegistrationTest - Clicked on Register Link 
12:09:21.672 [main] INFO  testCases.TC001_AccountRegistrationTest - Providing customer details....
12:09:23.096 [main] INFO  testCases.TC001_AccountRegistrationTest - Validation expected message...
12:09:23.134 [main] INFO  testCases.TC001_AccountRegistrationTest - ***** Finished TC001_AccountRegistrationTest *****
12:09:26.072 [main] INFO  testCases.TC002_LoginTest - ***** Starting TC_002_LoginTest *****
12:09:27.728 [main] INFO  testCases.TC002_LoginTest - ***** Finished TC_002_LoginTest *****
11:59:07.421 [main] WARN  org.testng.TestNG - Ignoring duplicate listener : utilities.ExtentReportManager
11:59:11.899 [main] INFO  testCases.TC001_AccountRegistrationTest - ***** Starting TC001_AccountRegistrationTest *****
11:59:12.050 [main] INFO  testCases.TC001_AccountRegistrationTest - Clicked on MyAccount Link 
11:59:12.563 [main] INFO  testCases.TC001_AccountRegistrationTest - Clicked on Register Link 
11:59:12.566 [main] INFO  testCases.TC001_AccountRegistrationTest - Providing customer details....
11:59:13.903 [main] INFO  testCases.TC001_AccountRegistrationTest - Validation expected message...
11:59:13.952 [main] INFO  testCases.TC001_AccountRegistrationTest - ***** Finished TC001_AccountRegistrationTest *****
11:59:16.657 [main] INFO  testCases.TC002_LoginTest - ***** Starting TC_002_LoginTest *****
11:59:18.151 [main] INFO  testCases.TC002_LoginTest - ***** Finished TC_002_LoginTest *****
11:59:22.347 [main] INFO  testCases.TC001_AccountRegistrationTest - ***** Starting TC001_AccountRegistrationTest *****
11:59:22.460 [main] INFO  testCases.TC001_AccountRegistrationTest - Clicked on MyAccount Link 
11:59:22.983 [main] INFO  testCases.TC001_AccountRegistrationTest - Clicked on Register Link 
11:59:22.983 [main] INFO  testCases.TC001_AccountRegistrationTest - Providing customer details....
11:59:24.438 [main] INFO  testCases.TC001_AccountRegistrationTest - Validation expected message...
11:59:24.497 [main] INFO  testCases.TC001_AccountRegistrationTest - ***** Finished TC001_AccountRegistrationTest *****
11:59:28.481 [main] INFO  testCases.TC002_LoginTest - ***** Starting TC_002_LoginTest *****
11:59:30.285 [main] INFO  testCases.TC002_LoginTest - ***** Finished TC_002_LoginTest *****
14:36:35.109 [main] WARN  org.testng.TestNG - Ignoring duplicate listener : utilities.ExtentReportManager
14:36:41.112 [main] INFO  testCases.TC001_AccountRegistrationTest - ***** Starting TC001_AccountRegistrationTest *****
14:36:41.228 [main] INFO  testCases.TC001_AccountRegistrationTest - Clicked on MyAccount Link 
14:36:43.349 [main] INFO  testCases.TC001_AccountRegistrationTest - Clicked on Register Link 
14:36:43.351 [main] INFO  testCases.TC001_AccountRegistrationTest - Providing customer details....
14:36:44.924 [main] INFO  testCases.TC001_AccountRegistrationTest - Validation expected message...
14:36:44.956 [main] INFO  testCases.TC001_AccountRegistrationTest - ***** Finished TC001_AccountRegistrationTest *****
14:36:47.793 [main] INFO  testCases.TC002_LoginTest - ***** Starting TC_002_LoginTest *****
14:36:48.928 [main] INFO  testCases.TC002_LoginTest - ***** Finished TC_002_LoginTest *****
14:37:02.501 [main] INFO  testCases.TC001_AccountRegistrationTest - ***** Starting TC001_AccountRegistrationTest *****
14:37:02.611 [main] INFO  testCases.TC001_AccountRegistrationTest - Clicked on MyAccount Link 
14:37:05.552 [main] INFO  testCases.TC001_AccountRegistrationTest - Clicked on Register Link 
14:37:05.552 [main] INFO  testCases.TC001_AccountRegistrationTest - Providing customer details....
14:37:07.330 [main] INFO  testCases.TC001_AccountRegistrationTest - Validation expected message...
14:37:07.357 [main] INFO  testCases.TC001_AccountRegistrationTest - ***** Finished TC001_AccountRegistrationTest *****
14:37:10.989 [main] INFO  testCases.TC002_LoginTest - ***** Starting TC_002_LoginTest *****
14:37:12.360 [main] INFO  testCases.TC002_LoginTest - ***** Finished TC_002_LoginTest *****
19:15:39.050 [main] WARN  org.testng.TestNG - Ignoring duplicate listener : utilities.ExtentReportManager
19:15:46.687 [main] INFO  testCases.TC001_AccountRegistrationTest - ***** Starting TC001_AccountRegistrationTest *****
19:15:46.787 [main] INFO  testCases.TC001_AccountRegistrationTest - Clicked on MyAccount Link 
19:15:47.229 [main] INFO  testCases.TC001_AccountRegistrationTest - Clicked on Register Link 
19:15:47.231 [main] INFO  testCases.TC001_AccountRegistrationTest - Providing customer details....
19:15:48.445 [main] INFO  testCases.TC001_AccountRegistrationTest - Validation expected message...
19:15:48.479 [main] INFO  testCases.TC001_AccountRegistrationTest - ***** Finished TC001_AccountRegistrationTest *****
19:15:50.585 [main] INFO  testCases.TC002_LoginTest - ***** Starting TC_002_LoginTest *****
19:15:51.872 [main] INFO  testCases.TC002_LoginTest - ***** Finished TC_002_LoginTest *****
19:15:55.077 [main] INFO  testCases.TC001_AccountRegistrationTest - ***** Starting TC001_AccountRegistrationTest *****
19:15:55.232 [main] INFO  testCases.TC001_AccountRegistrationTest - Clicked on MyAccount Link 
19:15:55.642 [main] INFO  testCases.TC001_AccountRegistrationTest - Clicked on Register Link 
19:15:55.643 [main] INFO  testCases.TC001_AccountRegistrationTest - Providing customer details....
19:15:56.793 [main] INFO  testCases.TC001_AccountRegistrationTest - Validation expected message...
19:15:56.831 [main] INFO  testCases.TC001_AccountRegistrationTest - ***** Finished TC001_AccountRegistrationTest *****
19:15:58.920 [main] INFO  testCases.TC002_LoginTest - ***** Starting TC_002_LoginTest *****
19:16:00.394 [main] INFO  testCases.TC002_LoginTest - ***** Finished TC_002_LoginTest *****
19:36:47.423 [main] WARN  org.testng.TestNG - Ignoring duplicate listener : utilities.ExtentReportManager
19:36:50.582 [main] INFO  testCases.TC001_AccountRegistrationTest - ***** Starting TC001_AccountRegistrationTest *****
19:36:50.750 [main] INFO  testCases.TC001_AccountRegistrationTest - Clicked on MyAccount Link 
19:36:51.707 [main] INFO  testCases.TC001_AccountRegistrationTest - Clicked on Register Link 
19:36:51.709 [main] INFO  testCases.TC001_AccountRegistrationTest - Providing customer details....
19:36:52.961 [main] INFO  testCases.TC001_AccountRegistrationTest - Validation expected message...
19:36:52.990 [main] INFO  testCases.TC001_AccountRegistrationTest - ***** Finished TC001_AccountRegistrationTest *****
19:36:55.269 [main] INFO  testCases.TC002_LoginTest - ***** Starting TC_002_LoginTest *****
19:36:56.792 [main] INFO  testCases.TC002_LoginTest - ***** Finished TC_002_LoginTest *****
19:37:00.104 [main] INFO  testCases.TC001_AccountRegistrationTest - ***** Starting TC001_AccountRegistrationTest *****
19:37:00.184 [main] INFO  testCases.TC001_AccountRegistrationTest - Clicked on MyAccount Link 
19:37:00.639 [main] INFO  testCases.TC001_AccountRegistrationTest - Clicked on Register Link 
19:37:00.640 [main] INFO  testCases.TC001_AccountRegistrationTest - Providing customer details....
19:37:01.903 [main] INFO  testCases.TC001_AccountRegistrationTest - Validation expected message...
19:37:01.937 [main] INFO  testCases.TC001_AccountRegistrationTest - ***** Finished TC001_AccountRegistrationTest *****
19:37:04.229 [main] INFO  testCases.TC002_LoginTest - ***** Starting TC_002_LoginTest *****
19:37:05.334 [main] INFO  testCases.TC002_LoginTest - ***** Finished TC_002_LoginTest *****
09:19:07.561 [main] WARN  org.testng.TestNG - Ignoring duplicate listener : utilities.ExtentReportManager
09:20:04.824 [main] INFO  testCases.TC001_AccountRegistrationTest - ***** Starting TC001_AccountRegistrationTest *****
09:20:04.918 [main] INFO  testCases.TC001_AccountRegistrationTest - Clicked on MyAccount Link 
09:20:06.593 [main] INFO  testCases.TC001_AccountRegistrationTest - Clicked on Register Link 
09:20:06.595 [main] INFO  testCases.TC001_AccountRegistrationTest - Providing customer details....
09:20:08.005 [main] INFO  testCases.TC001_AccountRegistrationTest - Validation expected message...
09:20:08.042 [main] INFO  testCases.TC001_AccountRegistrationTest - ***** Finished TC001_AccountRegistrationTest *****
09:20:17.557 [main] INFO  testCases.TC002_LoginTest - ***** Starting TC_002_LoginTest *****
09:20:19.127 [main] INFO  testCases.TC002_LoginTest - ***** Finished TC_002_LoginTest *****
09:20:23.896 [main] INFO  testCases.TC001_AccountRegistrationTest - ***** Starting TC001_AccountRegistrationTest *****
09:20:23.990 [main] INFO  testCases.TC001_AccountRegistrationTest - Clicked on MyAccount Link 
09:20:24.600 [main] INFO  testCases.TC001_AccountRegistrationTest - Clicked on Register Link 
09:20:24.601 [main] INFO  testCases.TC001_AccountRegistrationTest - Providing customer details....
09:20:25.761 [main] INFO  testCases.TC001_AccountRegistrationTest - Validation expected message...
09:20:25.793 [main] INFO  testCases.TC001_AccountRegistrationTest - ***** Finished TC001_AccountRegistrationTest *****
09:20:29.005 [main] INFO  testCases.TC002_LoginTest - ***** Starting TC_002_LoginTest *****
09:20:30.297 [main] INFO  testCases.TC002_LoginTest - ***** Finished TC_002_LoginTest *****
09:22:21.051 [main] WARN  org.testng.TestNG - Ignoring duplicate listener : utilities.ExtentReportManager
09:22:25.888 [main] INFO  testCases.TC001_AccountRegistrationTest - ***** Starting TC001_AccountRegistrationTest *****
09:22:25.999 [main] INFO  testCases.TC001_AccountRegistrationTest - Clicked on MyAccount Link 
09:22:26.736 [main] INFO  testCases.TC001_AccountRegistrationTest - Clicked on Register Link 
09:22:26.738 [main] INFO  testCases.TC001_AccountRegistrationTest - Providing customer details....
09:22:27.964 [main] INFO  testCases.TC001_AccountRegistrationTest - Validation expected message...
09:22:27.994 [main] INFO  testCases.TC001_AccountRegistrationTest - ***** Finished TC001_AccountRegistrationTest *****
09:22:33.213 [main] INFO  testCases.TC002_LoginTest - ***** Starting TC_002_LoginTest *****
09:22:34.645 [main] INFO  testCases.TC002_LoginTest - ***** Finished TC_002_LoginTest *****
09:22:42.765 [main] INFO  testCases.TC001_AccountRegistrationTest - ***** Starting TC001_AccountRegistrationTest *****
09:22:42.837 [main] INFO  testCases.TC001_AccountRegistrationTest - Clicked on MyAccount Link 
09:22:44.028 [main] INFO  testCases.TC001_AccountRegistrationTest - Clicked on Register Link 
09:22:44.029 [main] INFO  testCases.TC001_AccountRegistrationTest - Providing customer details....
09:22:45.248 [main] INFO  testCases.TC001_AccountRegistrationTest - Validation expected message...
09:22:45.277 [main] INFO  testCases.TC001_AccountRegistrationTest - ***** Finished TC001_AccountRegistrationTest *****
09:22:51.848 [main] INFO  testCases.TC002_LoginTest - ***** Starting TC_002_LoginTest *****
09:22:54.922 [main] INFO  testCases.TC002_LoginTest - ***** Finished TC_002_LoginTest *****
09:30:29.507 [main] WARN  org.testng.TestNG - Ignoring duplicate listener : utilities.ExtentReportManager
09:30:33.796 [main] INFO  testCases.TC001_AccountRegistrationTest - ***** Starting TC001_AccountRegistrationTest *****
09:30:33.910 [main] INFO  testCases.TC001_AccountRegistrationTest - Clicked on MyAccount Link 
09:30:34.384 [main] INFO  testCases.TC001_AccountRegistrationTest - Clicked on Register Link 
09:30:34.385 [main] INFO  testCases.TC001_AccountRegistrationTest - Providing customer details....
09:30:35.906 [main] INFO  testCases.TC001_AccountRegistrationTest - Validation expected message...
09:30:35.938 [main] INFO  testCases.TC001_AccountRegistrationTest - ***** Finished TC001_AccountRegistrationTest *****
09:30:38.877 [main] INFO  testCases.TC002_LoginTest - ***** Starting TC_002_LoginTest *****
09:30:40.170 [main] INFO  testCases.TC002_LoginTest - ***** Finished TC_002_LoginTest *****
09:30:43.750 [main] INFO  testCases.TC001_AccountRegistrationTest - ***** Starting TC001_AccountRegistrationTest *****
09:30:43.826 [main] INFO  testCases.TC001_AccountRegistrationTest - Clicked on MyAccount Link 
09:30:44.267 [main] INFO  testCases.TC001_AccountRegistrationTest - Clicked on Register Link 
09:30:44.268 [main] INFO  testCases.TC001_AccountRegistrationTest - Providing customer details....
09:30:45.460 [main] INFO  testCases.TC001_AccountRegistrationTest - Validation expected message...
09:30:45.500 [main] INFO  testCases.TC001_AccountRegistrationTest - ***** Finished TC001_AccountRegistrationTest *****
09:30:48.204 [main] INFO  testCases.TC002_LoginTest - ***** Starting TC_002_LoginTest *****
09:30:49.893 [main] INFO  testCases.TC002_LoginTest - ***** Finished TC_002_LoginTest *****
09:30:53.420 [main] INFO  testCases.TC003_LoginDDT - ***** Start TC003_LoginDDT ******
09:31:04.610 [main] INFO  testCases.TC003_LoginDDT - ***** Finished TC003_LoginDDT ******
09:31:04.612 [main] INFO  testCases.TC003_LoginDDT - ***** Start TC003_LoginDDT ******
09:31:06.716 [main] INFO  testCases.TC003_LoginDDT - ***** Finished TC003_LoginDDT ******
09:31:06.718 [main] INFO  testCases.TC003_LoginDDT - ***** Start TC003_LoginDDT ******
09:31:08.975 [main] INFO  testCases.TC003_LoginDDT - ***** Finished TC003_LoginDDT ******
09:31:08.977 [main] INFO  testCases.TC003_LoginDDT - ***** Start TC003_LoginDDT ******
09:31:20.910 [main] INFO  testCases.TC003_LoginDDT - ***** Finished TC003_LoginDDT ******
09:31:20.911 [main] INFO  testCases.TC003_LoginDDT - ***** Start TC003_LoginDDT ******
09:31:23.096 [main] INFO  testCases.TC003_LoginDDT - ***** Finished TC003_LoginDDT ******
09:31:23.098 [main] INFO  testCases.TC003_LoginDDT - ***** Start TC003_LoginDDT ******
09:31:24.686 [main] INFO  testCases.TC003_LoginDDT - ***** Finished TC003_LoginDDT ******
09:31:24.688 [main] INFO  testCases.TC003_LoginDDT - ***** Start TC003_LoginDDT ******
09:31:34.785 [main] ERROR testCases.TC003_LoginDDT - Test execution failed due to exception: element not interactable
  (Session info: chrome=137.0.7151.120)
Build info: version: '4.29.0', revision: '5fc1ec94cb'
System info: os.name: 'Windows 11', os.arch: 'amd64', os.version: '10.0', java.version: '21.0.6'
Driver info: org.openqa.selenium.chrome.ChromeDriver
Command: [dbd0979cf8a0c16c95ef99192a527a05, clickElement {id=f.42C5CF4A6F89F9CDC1B6E6D83B5BE3E1.d.9490266E73D62A9D271184FF9A071477.e.297}]
Capabilities {acceptInsecureCerts: false, browserName: chrome, browserVersion: 137.0.7151.120, chrome: {chromedriverVersion: 137.0.7151.119 (e0ac9d12dff..., userDataDir: C:\Users\visha\AppData\Loca...}, fedcm:accounts: true, goog:chromeOptions: {debuggerAddress: localhost:50174}, networkConnectionEnabled: false, pageLoadStrategy: normal, platformName: windows, proxy: Proxy(), se:cdp: ws://localhost:50174/devtoo..., se:cdpVersion: 137.0.7151.120, setWindowRect: true, strictFileInteractability: false, timeouts: {implicit: 0, pageLoad: 300000, script: 30000}, unhandledPromptBehavior: dismiss and notify, webauthn:extension:credBlob: true, webauthn:extension:largeBlob: true, webauthn:extension:minPinLength: true, webauthn:extension:prf: true, webauthn:virtualAuthenticators: true}
Element: [[ChromeDriver: chrome on windows (dbd0979cf8a0c16c95ef99192a527a05)] -> xpath: //ul[@class='dropdown-menu dropdown-menu-right']//a[normalize-space()='Login']]
Session ID: dbd0979cf8a0c16c95ef99192a527a05
09:46:26.718 [main] WARN  org.testng.TestNG - Ignoring duplicate listener : utilities.ExtentReportManager
09:48:23.447 [main] INFO  testCases.TC001_AccountRegistrationTest - ***** Starting TC001_AccountRegistrationTest *****
09:48:23.565 [main] INFO  testCases.TC001_AccountRegistrationTest - Clicked on MyAccount Link 
09:48:49.457 [main] INFO  testCases.TC001_AccountRegistrationTest - Clicked on Register Link 
09:48:49.458 [main] INFO  testCases.TC001_AccountRegistrationTest - Providing customer details....
09:48:51.743 [main] INFO  testCases.TC001_AccountRegistrationTest - Validation expected message...
09:48:51.777 [main] INFO  testCases.TC001_AccountRegistrationTest - ***** Finished TC001_AccountRegistrationTest *****
09:54:34.644 [main] WARN  org.testng.TestNG - Ignoring duplicate listener : utilities.ExtentReportManager
10:00:51.652 [main] WARN  org.testng.TestNG - Ignoring duplicate listener : utilities.ExtentReportManager
10:00:54.822 [main] INFO  testCases.TC001_AccountRegistrationTest - ***** Starting TC001_AccountRegistrationTest *****
10:00:54.922 [main] INFO  testCases.TC001_AccountRegistrationTest - Clicked on MyAccount Link 
10:00:55.296 [main] INFO  testCases.TC001_AccountRegistrationTest - Clicked on Register Link 
10:00:55.298 [main] INFO  testCases.TC001_AccountRegistrationTest - Providing customer details....
10:00:56.554 [main] INFO  testCases.TC001_AccountRegistrationTest - Validation expected message...
10:00:56.590 [main] INFO  testCases.TC001_AccountRegistrationTest - ***** Finished TC001_AccountRegistrationTest *****
10:00:59.233 [main] INFO  testCases.TC002_LoginTest - ***** Starting TC_002_LoginTest *****
10:01:00.827 [main] INFO  testCases.TC002_LoginTest - ***** Finished TC_002_LoginTest *****
10:01:05.257 [main] INFO  testCases.TC001_AccountRegistrationTest - ***** Starting TC001_AccountRegistrationTest *****
10:01:05.347 [main] INFO  testCases.TC001_AccountRegistrationTest - Clicked on MyAccount Link 
10:01:05.906 [main] INFO  testCases.TC001_AccountRegistrationTest - Clicked on Register Link 
10:01:05.907 [main] INFO  testCases.TC001_AccountRegistrationTest - Providing customer details....
10:01:07.164 [main] INFO  testCases.TC001_AccountRegistrationTest - Validation expected message...
10:01:07.197 [main] INFO  testCases.TC001_AccountRegistrationTest - ***** Finished TC001_AccountRegistrationTest *****
10:01:09.876 [main] INFO  testCases.TC002_LoginTest - ***** Starting TC_002_LoginTest *****
10:01:11.278 [main] INFO  testCases.TC002_LoginTest - ***** Finished TC_002_LoginTest *****
23:27:42.676 [main] WARN  org.testng.TestNG - Ignoring duplicate listener : utilities.ExtentReportManager
23:28:14.584 [main] WARN  org.testng.TestNG - Ignoring duplicate listener : utilities.ExtentReportManager
23:29:02.798 [main] WARN  org.testng.TestNG - Ignoring duplicate listener : utilities.ExtentReportManager
23:32:00.664 [main] WARN  org.testng.TestNG - Ignoring duplicate listener : utilities.ExtentReportManager
23:34:08.554 [main] WARN  org.testng.TestNG - Ignoring duplicate listener : utilities.ExtentReportManager
23:35:32.536 [main] WARN  org.testng.TestNG - Ignoring duplicate listener : utilities.ExtentReportManager
23:58:00.073 [main] WARN  org.testng.TestNG - Ignoring duplicate listener : utilities.ExtentReportManager
23:58:07.894 [main] INFO  testCases.TC001_AccountRegistrationTest - ***** Starting TC001_AccountRegistrationTest *****
23:58:08.030 [main] INFO  testCases.TC001_AccountRegistrationTest - Clicked on MyAccount Link 
23:58:08.707 [main] INFO  testCases.TC001_AccountRegistrationTest - Clicked on Register Link 
23:58:08.709 [main] INFO  testCases.TC001_AccountRegistrationTest - Providing customer details....
23:58:11.030 [main] INFO  testCases.TC001_AccountRegistrationTest - Validation expected message...
23:58:11.074 [main] INFO  testCases.TC001_AccountRegistrationTest - ***** Finished TC001_AccountRegistrationTest *****
23:58:15.400 [main] INFO  testCases.TC002_LoginTest - ***** Starting TC_002_LoginTest *****
23:58:16.960 [main] INFO  testCases.TC002_LoginTest - ***** Finished TC_002_LoginTest *****
23:58:22.158 [main] INFO  testCases.TC001_AccountRegistrationTest - ***** Starting TC001_AccountRegistrationTest *****
23:58:22.278 [main] INFO  testCases.TC001_AccountRegistrationTest - Clicked on MyAccount Link 
23:58:23.090 [main] INFO  testCases.TC001_AccountRegistrationTest - Clicked on Register Link 
23:58:23.091 [main] INFO  testCases.TC001_AccountRegistrationTest - Providing customer details....
23:58:24.399 [main] INFO  testCases.TC001_AccountRegistrationTest - Validation expected message...
23:58:24.429 [main] INFO  testCases.TC001_AccountRegistrationTest - ***** Finished TC001_AccountRegistrationTest *****
23:58:29.238 [main] INFO  testCases.TC002_LoginTest - ***** Starting TC_002_LoginTest *****
23:58:32.480 [main] INFO  testCases.TC002_LoginTest - ***** Finished TC_002_LoginTest *****
23:59:16.207 [main] INFO  testCases.TC001_AccountRegistrationTest - ***** Starting TC001_AccountRegistrationTest *****
23:59:16.311 [main] INFO  testCases.TC001_AccountRegistrationTest - Clicked on MyAccount Link 
23:59:17.142 [main] INFO  testCases.TC001_AccountRegistrationTest - Clicked on Register Link 
23:59:17.147 [main] INFO  testCases.TC001_AccountRegistrationTest - Providing customer details....
23:59:18.641 [main] INFO  testCases.TC001_AccountRegistrationTest - Validation expected message...
23:59:18.670 [main] INFO  testCases.TC001_AccountRegistrationTest - ***** Finished TC001_AccountRegistrationTest *****
23:59:22.791 [main] INFO  testCases.TC002_LoginTest - ***** Starting TC_002_LoginTest *****
23:59:24.235 [main] INFO  testCases.TC002_LoginTest - ***** Finished TC_002_LoginTest *****
23:59:58.457 [main] WARN  org.testng.TestNG - Ignoring duplicate listener : utilities.ExtentReportManager
00:00:03.497 [main] INFO  testCases.TC001_AccountRegistrationTest - ***** Starting TC001_AccountRegistrationTest *****
00:00:03.620 [main] INFO  testCases.TC001_AccountRegistrationTest - Clicked on MyAccount Link 
00:00:04.526 [main] INFO  testCases.TC001_AccountRegistrationTest - Clicked on Register Link 
00:00:04.528 [main] INFO  testCases.TC001_AccountRegistrationTest - Providing customer details....
00:00:06.765 [main] INFO  testCases.TC001_AccountRegistrationTest - Validation expected message...
00:00:06.792 [main] INFO  testCases.TC001_AccountRegistrationTest - ***** Finished TC001_AccountRegistrationTest *****
00:00:10.279 [main] INFO  testCases.TC002_LoginTest - ***** Starting TC_002_LoginTest *****
00:00:11.849 [main] INFO  testCases.TC002_LoginTest - ***** Finished TC_002_LoginTest *****
00:00:15.383 [TestNG-tests-1] INFO  testCases.TC001_AccountRegistrationTest - ***** Starting TC001_AccountRegistrationTest *****
00:00:15.476 [TestNG-tests-1] INFO  testCases.TC001_AccountRegistrationTest - Clicked on MyAccount Link 
00:00:16.107 [TestNG-tests-1] INFO  testCases.TC001_AccountRegistrationTest - Clicked on Register Link 
00:00:16.108 [TestNG-tests-1] INFO  testCases.TC001_AccountRegistrationTest - Providing customer details....
00:00:17.640 [TestNG-tests-1] INFO  testCases.TC001_AccountRegistrationTest - Validation expected message...
00:00:17.681 [TestNG-tests-1] INFO  testCases.TC001_AccountRegistrationTest - ***** Finished TC001_AccountRegistrationTest *****
00:02:55.015 [main] WARN  org.testng.TestNG - Ignoring duplicate listener : utilities.ExtentReportManager
00:02:58.616 [main] INFO  testCases.TC001_AccountRegistrationTest - ***** Starting TC001_AccountRegistrationTest *****
00:02:58.745 [main] INFO  testCases.TC001_AccountRegistrationTest - Clicked on MyAccount Link 
00:02:59.567 [main] INFO  testCases.TC001_AccountRegistrationTest - Clicked on Register Link 
00:02:59.568 [main] INFO  testCases.TC001_AccountRegistrationTest - Providing customer details....
00:03:00.954 [main] INFO  testCases.TC001_AccountRegistrationTest - Validation expected message...
00:03:00.983 [main] INFO  testCases.TC001_AccountRegistrationTest - ***** Finished TC001_AccountRegistrationTest *****
00:03:04.114 [main] INFO  testCases.TC002_LoginTest - ***** Starting TC_002_LoginTest *****
00:03:05.417 [main] INFO  testCases.TC002_LoginTest - ***** Finished TC_002_LoginTest *****
00:03:10.026 [main] INFO  testCases.TC003_LoginDDT - ***** Start TC003_LoginDDT ******
00:03:21.321 [main] INFO  testCases.TC003_LoginDDT - ***** Finished TC003_LoginDDT ******
00:03:21.321 [main] INFO  testCases.TC003_LoginDDT - ***** Start TC003_LoginDDT ******
00:03:25.307 [main] INFO  testCases.TC003_LoginDDT - ***** Finished TC003_LoginDDT ******
00:03:25.309 [main] INFO  testCases.TC003_LoginDDT - ***** Start TC003_LoginDDT ******
00:03:33.611 [main] INFO  testCases.TC003_LoginDDT - ***** Finished TC003_LoginDDT ******
00:03:33.613 [main] INFO  testCases.TC003_LoginDDT - ***** Start TC003_LoginDDT ******
00:03:44.931 [main] INFO  testCases.TC003_LoginDDT - ***** Finished TC003_LoginDDT ******
00:03:44.931 [main] INFO  testCases.TC003_LoginDDT - ***** Start TC003_LoginDDT ******
00:03:47.063 [main] INFO  testCases.TC003_LoginDDT - ***** Finished TC003_LoginDDT ******
00:03:47.064 [main] INFO  testCases.TC003_LoginDDT - ***** Start TC003_LoginDDT ******
00:03:48.864 [main] INFO  testCases.TC003_LoginDDT - ***** Finished TC003_LoginDDT ******
00:03:48.865 [main] INFO  testCases.TC003_LoginDDT - ***** Start TC003_LoginDDT ******
00:03:58.939 [main] ERROR testCases.TC003_LoginDDT - Test execution failed due to exception: element not interactable
  (Session info: chrome=137.0.7151.120)
Build info: version: '4.29.0', revision: '5fc1ec94cb'
System info: os.name: 'Windows 11', os.arch: 'amd64', os.version: '10.0', java.version: '21.0.6'
Driver info: org.openqa.selenium.chrome.ChromeDriver
Command: [7114ca9a1f2d2f2d62608766d13db084, clickElement {id=f.4C56C29AD8B7FFFAE7648189B0924B14.d.11D1E40B6ADDD6978090D09621F87458.e.298}]
Capabilities {acceptInsecureCerts: false, browserName: chrome, browserVersion: 137.0.7151.120, chrome: {chromedriverVersion: 137.0.7151.119 (e0ac9d12dff..., userDataDir: C:\Users\visha\AppData\Loca...}, fedcm:accounts: true, goog:chromeOptions: {debuggerAddress: localhost:54662}, networkConnectionEnabled: false, pageLoadStrategy: normal, platformName: windows, proxy: Proxy(), se:cdp: ws://localhost:54662/devtoo..., se:cdpVersion: 137.0.7151.120, setWindowRect: true, strictFileInteractability: false, timeouts: {implicit: 0, pageLoad: 300000, script: 30000}, unhandledPromptBehavior: dismiss and notify, webauthn:extension:credBlob: true, webauthn:extension:largeBlob: true, webauthn:extension:minPinLength: true, webauthn:extension:prf: true, webauthn:virtualAuthenticators: true}
Element: [[ChromeDriver: chrome on windows (7114ca9a1f2d2f2d62608766d13db084)] -> xpath: //ul[@class='dropdown-menu dropdown-menu-right']//a[normalize-space()='Login']]
Session ID: 7114ca9a1f2d2f2d62608766d13db084
00:04:06.467 [TestNG-tests-1] INFO  testCases.TC001_AccountRegistrationTest - ***** Starting TC001_AccountRegistrationTest *****
00:04:06.469 [TestNG-tests-3] INFO  testCases.TC001_AccountRegistrationTest - ***** Starting TC001_AccountRegistrationTest *****
00:04:07.585 [TestNG-tests-2] INFO  testCases.TC001_AccountRegistrationTest - ***** Starting TC001_AccountRegistrationTest *****
00:04:07.671 [TestNG-tests-1] INFO  testCases.TC001_AccountRegistrationTest - Clicked on MyAccount Link 
00:04:07.735 [TestNG-tests-3] INFO  testCases.TC001_AccountRegistrationTest - Clicked on MyAccount Link 
00:04:07.830 [TestNG-tests-2] INFO  testCases.TC001_AccountRegistrationTest - Clicked on MyAccount Link 
00:04:08.315 [TestNG-tests-1] INFO  testCases.TC001_AccountRegistrationTest - Clicked on Register Link 
00:04:08.315 [TestNG-tests-1] INFO  testCases.TC001_AccountRegistrationTest - Providing customer details....
00:07:31.902 [main] WARN  org.testng.TestNG - Ignoring duplicate listener : utilities.ExtentReportManager
00:08:03.041 [main] WARN  org.testng.TestNG - Ignoring duplicate listener : utilities.ExtentReportManager
00:09:14.290 [main] WARN  org.testng.TestNG - Ignoring duplicate listener : utilities.ExtentReportManager
00:11:57.895 [main] WARN  org.testng.TestNG - Ignoring duplicate listener : utilities.ExtentReportManager
00:19:16.987 [main] WARN  org.testng.TestNG - Ignoring duplicate listener : utilities.ExtentReportManager
00:21:07.166 [main] WARN  org.testng.TestNG - Ignoring duplicate listener : utilities.ExtentReportManager
00:21:11.239 [main] INFO  testCases.TC001_AccountRegistrationTest - ***** Starting TC001_AccountRegistrationTest *****
00:21:11.359 [main] INFO  testCases.TC001_AccountRegistrationTest - Clicked on MyAccount Link 
00:21:11.883 [main] INFO  testCases.TC001_AccountRegistrationTest - Clicked on Register Link 
00:21:11.886 [main] INFO  testCases.TC001_AccountRegistrationTest - Providing customer details....
00:21:13.068 [main] INFO  testCases.TC001_AccountRegistrationTest - Validation expected message...
00:21:13.099 [main] INFO  testCases.TC001_AccountRegistrationTest - ***** Finished TC001_AccountRegistrationTest *****
00:21:16.050 [main] INFO  testCases.TC002_LoginTest - ***** Starting TC_002_LoginTest *****
00:21:17.304 [main] INFO  testCases.TC002_LoginTest - ***** Finished TC_002_LoginTest *****
00:21:20.812 [main] INFO  testCases.TC001_AccountRegistrationTest - ***** Starting TC001_AccountRegistrationTest *****
00:21:20.897 [main] INFO  testCases.TC001_AccountRegistrationTest - Clicked on MyAccount Link 
00:21:21.272 [main] INFO  testCases.TC001_AccountRegistrationTest - Clicked on Register Link 
00:21:21.272 [main] INFO  testCases.TC001_AccountRegistrationTest - Providing customer details....
00:21:22.374 [main] INFO  testCases.TC001_AccountRegistrationTest - Validation expected message...
00:21:22.403 [main] INFO  testCases.TC001_AccountRegistrationTest - ***** Finished TC001_AccountRegistrationTest *****
00:21:25.480 [main] INFO  testCases.TC002_LoginTest - ***** Starting TC_002_LoginTest *****
00:21:27.070 [main] INFO  testCases.TC002_LoginTest - ***** Finished TC_002_LoginTest *****
00:21:48.786 [main] WARN  org.testng.TestNG - Ignoring duplicate listener : utilities.ExtentReportManager
00:22:29.615 [main] WARN  org.testng.TestNG - Ignoring duplicate listener : utilities.ExtentReportManager
00:32:00.900 [main] WARN  org.testng.TestNG - Ignoring duplicate listener : utilities.ExtentReportManager
10:59:03.810 [main] WARN  org.testng.TestNG - Ignoring duplicate listener : utilities.ExtentReportManager
10:59:24.993 [main] WARN  org.testng.TestNG - Ignoring duplicate listener : utilities.ExtentReportManager
11:00:11.487 [main] INFO  testCases.TC001_AccountRegistrationTest - ***** Starting TC001_AccountRegistrationTest *****
11:00:11.595 [main] INFO  testCases.TC001_AccountRegistrationTest - Clicked on MyAccount Link 
11:00:12.060 [main] INFO  testCases.TC001_AccountRegistrationTest - Clicked on Register Link 
11:00:12.063 [main] INFO  testCases.TC001_AccountRegistrationTest - Providing customer details....
11:00:13.207 [main] INFO  testCases.TC001_AccountRegistrationTest - Validation expected message...
11:00:13.241 [main] INFO  testCases.TC001_AccountRegistrationTest - ***** Finished TC001_AccountRegistrationTest *****
11:00:50.268 [main] INFO  testCases.TC002_LoginTest - ***** Starting TC_002_LoginTest *****
11:01:01.280 [main] INFO  testCases.TC002_LoginTest - ***** Finished TC_002_LoginTest *****
11:01:05.812 [main] INFO  testCases.TC001_AccountRegistrationTest - ***** Starting TC001_AccountRegistrationTest *****
11:01:05.896 [main] INFO  testCases.TC001_AccountRegistrationTest - Clicked on MyAccount Link 
11:01:06.293 [main] INFO  testCases.TC001_AccountRegistrationTest - Clicked on Register Link 
11:01:06.294 [main] INFO  testCases.TC001_AccountRegistrationTest - Providing customer details....
11:01:07.572 [main] INFO  testCases.TC001_AccountRegistrationTest - Validation expected message...
11:01:07.601 [main] INFO  testCases.TC001_AccountRegistrationTest - ***** Finished TC001_AccountRegistrationTest *****
11:01:10.914 [main] INFO  testCases.TC002_LoginTest - ***** Starting TC_002_LoginTest *****
11:01:12.269 [main] INFO  testCases.TC002_LoginTest - ***** Finished TC_002_LoginTest *****
00:48:37.923 [main] WARN  org.testng.TestNG - Ignoring duplicate listener : utilities.ExtentReportManager
00:49:00.686 [main] WARN  org.testng.TestNG - Ignoring duplicate listener : utilities.ExtentReportManager
01:35:33.682 [main] WARN  org.testng.TestNG - Ignoring duplicate listener : utilities.ExtentReportManager
01:35:36.977 [main] INFO  testCases.TC001_AccountRegistrationTest - ***** Starting TC001_AccountRegistrationTest *****
01:35:37.068 [main] INFO  testCases.TC001_AccountRegistrationTest - Clicked on MyAccount Link 
01:35:37.527 [main] INFO  testCases.TC001_AccountRegistrationTest - Clicked on Register Link 
01:35:37.529 [main] INFO  testCases.TC001_AccountRegistrationTest - Providing customer details....
01:35:38.907 [main] INFO  testCases.TC001_AccountRegistrationTest - Validation expected message...
01:35:38.950 [main] INFO  testCases.TC001_AccountRegistrationTest - ***** Finished TC001_AccountRegistrationTest *****
01:35:41.184 [main] INFO  testCases.TC002_LoginTest - ***** Starting TC_002_LoginTest *****
01:35:42.657 [main] INFO  testCases.TC002_LoginTest - ***** Finished TC_002_LoginTest *****
01:35:46.018 [main] INFO  testCases.TC001_AccountRegistrationTest - ***** Starting TC001_AccountRegistrationTest *****
01:35:46.092 [main] INFO  testCases.TC001_AccountRegistrationTest - Clicked on MyAccount Link 
01:35:46.527 [main] INFO  testCases.TC001_AccountRegistrationTest - Clicked on Register Link 
01:35:46.528 [main] INFO  testCases.TC001_AccountRegistrationTest - Providing customer details....
01:35:47.703 [main] INFO  testCases.TC001_AccountRegistrationTest - Validation expected message...
01:35:47.737 [main] INFO  testCases.TC001_AccountRegistrationTest - ***** Finished TC001_AccountRegistrationTest *****
01:35:50.388 [main] INFO  testCases.TC002_LoginTest - ***** Starting TC_002_LoginTest *****
01:35:51.643 [main] INFO  testCases.TC002_LoginTest - ***** Finished TC_002_LoginTest *****
01:54:07.107 [main] WARN  org.testng.TestNG - Ignoring duplicate listener : utilities.ExtentReportManager
01:54:13.717 [main] INFO  testCases.TC001_AccountRegistrationTest - ***** Starting TC001_AccountRegistrationTest *****
01:54:13.805 [main] INFO  testCases.TC001_AccountRegistrationTest - Clicked on MyAccount Link 
01:54:14.177 [main] INFO  testCases.TC001_AccountRegistrationTest - Clicked on Register Link 
01:54:14.182 [main] INFO  testCases.TC001_AccountRegistrationTest - Providing customer details....
01:54:15.331 [main] INFO  testCases.TC001_AccountRegistrationTest - Validation expected message...
01:54:15.361 [main] INFO  testCases.TC001_AccountRegistrationTest - ***** Finished TC001_AccountRegistrationTest *****
01:54:18.036 [main] INFO  testCases.TC002_LoginTest - ***** Starting TC_002_LoginTest *****
01:54:19.266 [main] INFO  testCases.TC002_LoginTest - ***** Finished TC_002_LoginTest *****
01:54:22.972 [main] INFO  testCases.TC001_AccountRegistrationTest - ***** Starting TC001_AccountRegistrationTest *****
01:54:23.038 [main] INFO  testCases.TC001_AccountRegistrationTest - Clicked on MyAccount Link 
01:54:23.558 [main] INFO  testCases.TC001_AccountRegistrationTest - Clicked on Register Link 
01:54:23.558 [main] INFO  testCases.TC001_AccountRegistrationTest - Providing customer details....
01:54:24.796 [main] INFO  testCases.TC001_AccountRegistrationTest - Validation expected message...
01:54:24.826 [main] INFO  testCases.TC001_AccountRegistrationTest - ***** Finished TC001_AccountRegistrationTest *****
01:54:27.574 [main] INFO  testCases.TC002_LoginTest - ***** Starting TC_002_LoginTest *****
01:54:28.969 [main] INFO  testCases.TC002_LoginTest - ***** Finished TC_002_LoginTest *****
01:59:13.315 [main] WARN  org.testng.TestNG - Ignoring duplicate listener : utilities.ExtentReportManager
01:59:16.810 [main] INFO  testCases.TC001_AccountRegistrationTest - ***** Starting TC001_AccountRegistrationTest *****
01:59:16.898 [main] INFO  testCases.TC001_AccountRegistrationTest - Clicked on MyAccount Link 
01:59:17.505 [main] INFO  testCases.TC001_AccountRegistrationTest - Clicked on Register Link 
01:59:17.506 [main] INFO  testCases.TC001_AccountRegistrationTest - Providing customer details....
01:59:18.697 [main] INFO  testCases.TC001_AccountRegistrationTest - Validation expected message...
01:59:18.723 [main] INFO  testCases.TC001_AccountRegistrationTest - ***** Finished TC001_AccountRegistrationTest *****
01:59:21.287 [main] INFO  testCases.TC002_LoginTest - ***** Starting TC_002_LoginTest *****
01:59:22.579 [main] INFO  testCases.TC002_LoginTest - ***** Finished TC_002_LoginTest *****
01:59:26.296 [main] INFO  testCases.TC001_AccountRegistrationTest - ***** Starting TC001_AccountRegistrationTest *****
01:59:26.373 [main] INFO  testCases.TC001_AccountRegistrationTest - Clicked on MyAccount Link 
01:59:26.886 [main] INFO  testCases.TC001_AccountRegistrationTest - Clicked on Register Link 
01:59:26.887 [main] INFO  testCases.TC001_AccountRegistrationTest - Providing customer details....
01:59:28.109 [main] INFO  testCases.TC001_AccountRegistrationTest - Validation expected message...
01:59:28.136 [main] INFO  testCases.TC001_AccountRegistrationTest - ***** Finished TC001_AccountRegistrationTest *****
01:59:30.705 [main] INFO  testCases.TC002_LoginTest - ***** Starting TC_002_LoginTest *****
01:59:31.948 [main] INFO  testCases.TC002_LoginTest - ***** Finished TC_002_LoginTest *****
02:50:12.387 [main] WARN  org.testng.TestNG - Ignoring duplicate listener : utilities.ExtentReportManager
02:50:52.929 [main] WARN  org.testng.TestNG - Ignoring duplicate listener : utilities.ExtentReportManager
02:50:56.339 [main] INFO  testCases.TC001_AccountRegistrationTest - ***** Starting TC001_AccountRegistrationTest *****
02:50:56.442 [main] INFO  testCases.TC001_AccountRegistrationTest - Clicked on MyAccount Link 
02:50:56.914 [main] INFO  testCases.TC001_AccountRegistrationTest - Clicked on Register Link 
02:50:56.917 [main] INFO  testCases.TC001_AccountRegistrationTest - Providing customer details....
02:50:58.367 [main] INFO  testCases.TC001_AccountRegistrationTest - Validation expected message...
02:50:58.407 [main] INFO  testCases.TC001_AccountRegistrationTest - ***** Finished TC001_AccountRegistrationTest *****
02:51:01.246 [main] INFO  testCases.TC002_LoginTest - ***** Starting TC_002_LoginTest *****
02:51:02.762 [main] INFO  testCases.TC002_LoginTest - ***** Finished TC_002_LoginTest *****
02:51:06.007 [main] INFO  testCases.TC001_AccountRegistrationTest - ***** Starting TC001_AccountRegistrationTest *****
02:51:06.092 [main] INFO  testCases.TC001_AccountRegistrationTest - Clicked on MyAccount Link 
02:51:06.597 [main] INFO  testCases.TC001_AccountRegistrationTest - Clicked on Register Link 
02:51:06.597 [main] INFO  testCases.TC001_AccountRegistrationTest - Providing customer details....
02:51:07.974 [main] INFO  testCases.TC001_AccountRegistrationTest - Validation expected message...
02:51:08.015 [main] INFO  testCases.TC001_AccountRegistrationTest - ***** Finished TC001_AccountRegistrationTest *****
02:54:58.643 [main] WARN  org.testng.TestNG - Ignoring duplicate listener : utilities.ExtentReportManager
10:50:44.017 [main] WARN  org.testng.TestNG - Ignoring duplicate listener : utilities.ExtentReportManager
10:51:00.710 [main] WARN  org.testng.TestNG - Ignoring duplicate listener : utilities.ExtentReportManager
11:43:52.970 [main] WARN  org.testng.TestNG - Ignoring duplicate listener : utilities.ExtentReportManager
11:47:22.052 [main] WARN  org.testng.TestNG - Ignoring duplicate listener : utilities.ExtentReportManager
11:48:10.150 [main] WARN  org.testng.TestNG - Ignoring duplicate listener : utilities.ExtentReportManager
11:48:13.262 [main] INFO  testCases.TC001_AccountRegistrationTest - ***** Starting TC001_AccountRegistrationTest *****
11:48:13.353 [main] INFO  testCases.TC001_AccountRegistrationTest - Clicked on MyAccount Link 
11:48:14.011 [main] INFO  testCases.TC001_AccountRegistrationTest - Clicked on Register Link 
11:48:14.013 [main] INFO  testCases.TC001_AccountRegistrationTest - Providing customer details....
11:48:15.155 [main] INFO  testCases.TC001_AccountRegistrationTest - Validation expected message...
11:48:15.183 [main] INFO  testCases.TC001_AccountRegistrationTest - ***** Finished TC001_AccountRegistrationTest *****
11:48:18.433 [main] INFO  testCases.TC002_LoginTest - ***** Starting TC_002_LoginTest *****
11:48:19.631 [main] INFO  testCases.TC002_LoginTest - ***** Finished TC_002_LoginTest *****
11:48:23.882 [main] INFO  testCases.TC001_AccountRegistrationTest - ***** Starting TC001_AccountRegistrationTest *****
11:48:24.007 [main] INFO  testCases.TC001_AccountRegistrationTest - Clicked on MyAccount Link 
11:48:24.858 [main] INFO  testCases.TC001_AccountRegistrationTest - Clicked on Register Link 
11:48:24.859 [main] INFO  testCases.TC001_AccountRegistrationTest - Providing customer details....
11:48:26.207 [main] INFO  testCases.TC001_AccountRegistrationTest - Validation expected message...
11:48:26.261 [main] INFO  testCases.TC001_AccountRegistrationTest - ***** Finished TC001_AccountRegistrationTest *****
11:48:46.130 [main] WARN  org.testng.TestNG - Ignoring duplicate listener : utilities.ExtentReportManager
11:48:49.666 [main] INFO  testCases.TC001_AccountRegistrationTest - ***** Starting TC001_AccountRegistrationTest *****
11:48:49.756 [main] INFO  testCases.TC001_AccountRegistrationTest - Clicked on MyAccount Link 
11:48:50.353 [main] INFO  testCases.TC001_AccountRegistrationTest - Clicked on Register Link 
11:48:50.355 [main] INFO  testCases.TC001_AccountRegistrationTest - Providing customer details....
11:48:51.516 [main] INFO  testCases.TC001_AccountRegistrationTest - Validation expected message...
11:48:51.546 [main] INFO  testCases.TC001_AccountRegistrationTest - ***** Finished TC001_AccountRegistrationTest *****
11:48:54.573 [main] INFO  testCases.TC002_LoginTest - ***** Starting TC_002_LoginTest *****
11:48:55.935 [main] INFO  testCases.TC002_LoginTest - ***** Finished TC_002_LoginTest *****
11:49:01.265 [main] INFO  testCases.TC001_AccountRegistrationTest - ***** Starting TC001_AccountRegistrationTest *****
11:49:01.339 [main] INFO  testCases.TC001_AccountRegistrationTest - Clicked on MyAccount Link 
11:49:02.078 [main] INFO  testCases.TC001_AccountRegistrationTest - Clicked on Register Link 
11:49:02.079 [main] INFO  testCases.TC001_AccountRegistrationTest - Providing customer details....
11:49:03.822 [main] INFO  testCases.TC001_AccountRegistrationTest - Validation expected message...
11:49:03.851 [main] INFO  testCases.TC001_AccountRegistrationTest - ***** Finished TC001_AccountRegistrationTest *****
22:40:04.519 [main] WARN  org.testng.TestNG - Ignoring duplicate listener : utilities.ExtentReportManager
22:40:11.075 [main] INFO  testCases.TC001_AccountRegistrationTest - ***** Starting TC001_AccountRegistrationTest *****
22:40:11.180 [main] INFO  testCases.TC001_AccountRegistrationTest - Clicked on MyAccount Link 
22:40:11.617 [main] INFO  testCases.TC001_AccountRegistrationTest - Clicked on Register Link 
22:40:11.619 [main] INFO  testCases.TC001_AccountRegistrationTest - Providing customer details....
22:40:13.029 [main] INFO  testCases.TC001_AccountRegistrationTest - Validation expected message...
22:40:13.083 [main] INFO  testCases.TC001_AccountRegistrationTest - ***** Finished TC001_AccountRegistrationTest *****
22:40:16.140 [main] INFO  testCases.TC002_LoginTest - ***** Starting TC_002_LoginTest *****
22:40:17.821 [main] INFO  testCases.TC002_LoginTest - ***** Finished TC_002_LoginTest *****
22:40:21.432 [main] INFO  testCases.TC001_AccountRegistrationTest - ***** Starting TC001_AccountRegistrationTest *****
22:40:21.502 [main] INFO  testCases.TC001_AccountRegistrationTest - Clicked on MyAccount Link 
22:40:21.911 [main] INFO  testCases.TC001_AccountRegistrationTest - Clicked on Register Link 
22:40:21.911 [main] INFO  testCases.TC001_AccountRegistrationTest - Providing customer details....
22:40:23.348 [main] INFO  testCases.TC001_AccountRegistrationTest - Validation expected message...
22:40:23.378 [main] INFO  testCases.TC001_AccountRegistrationTest - ***** Finished TC001_AccountRegistrationTest *****
22:44:08.570 [main] WARN  org.testng.TestNG - Ignoring duplicate listener : utilities.ExtentReportManager
22:44:13.245 [main] INFO  testCases.TC001_AccountRegistrationTest - ***** Starting TC001_AccountRegistrationTest *****
22:44:13.343 [main] INFO  testCases.TC001_AccountRegistrationTest - Clicked on MyAccount Link 
22:44:14.470 [main] INFO  testCases.TC001_AccountRegistrationTest - Clicked on Register Link 
22:44:14.473 [main] INFO  testCases.TC001_AccountRegistrationTest - Providing customer details....
22:44:15.915 [main] INFO  testCases.TC001_AccountRegistrationTest - Validation expected message...
22:44:15.947 [main] INFO  testCases.TC001_AccountRegistrationTest - ***** Finished TC001_AccountRegistrationTest *****
22:44:20.264 [main] INFO  testCases.TC002_LoginTest - ***** Starting TC_002_LoginTest *****
22:44:22.089 [main] INFO  testCases.TC002_LoginTest - ***** Finished TC_002_LoginTest *****
22:44:25.892 [main] INFO  testCases.TC001_AccountRegistrationTest - ***** Starting TC001_AccountRegistrationTest *****
22:44:26.037 [main] INFO  testCases.TC001_AccountRegistrationTest - Clicked on MyAccount Link 
22:44:26.695 [main] INFO  testCases.TC001_AccountRegistrationTest - Clicked on Register Link 
22:44:26.695 [main] INFO  testCases.TC001_AccountRegistrationTest - Providing customer details....
22:44:28.011 [main] INFO  testCases.TC001_AccountRegistrationTest - Validation expected message...
22:44:28.047 [main] INFO  testCases.TC001_AccountRegistrationTest - ***** Finished TC001_AccountRegistrationTest *****
22:48:39.077 [main] WARN  org.testng.TestNG - Ignoring duplicate listener : utilities.ExtentReportManager
22:48:42.296 [main] INFO  testCases.TC001_AccountRegistrationTest - ***** Starting TC001_AccountRegistrationTest *****
22:48:42.405 [main] INFO  testCases.TC001_AccountRegistrationTest - Clicked on MyAccount Link 
22:48:42.864 [main] INFO  testCases.TC001_AccountRegistrationTest - Clicked on Register Link 
22:48:42.866 [main] INFO  testCases.TC001_AccountRegistrationTest - Providing customer details....
22:48:43.345 [main] INFO  testCases.TC001_AccountRegistrationTest - Validation expected message...
22:48:44.084 [main] INFO  testCases.TC001_AccountRegistrationTest - ***** Finished TC001_AccountRegistrationTest *****
22:48:48.345 [main] INFO  testCases.TC002_LoginTest - ***** Starting TC_002_LoginTest *****
22:48:49.730 [main] INFO  testCases.TC002_LoginTest - ***** Finished TC_002_LoginTest *****
22:48:53.725 [main] INFO  testCases.TC001_AccountRegistrationTest - ***** Starting TC001_AccountRegistrationTest *****
22:48:53.798 [main] INFO  testCases.TC001_AccountRegistrationTest - Clicked on MyAccount Link 
22:48:54.281 [main] INFO  testCases.TC001_AccountRegistrationTest - Clicked on Register Link 
22:48:54.281 [main] INFO  testCases.TC001_AccountRegistrationTest - Providing customer details....
22:48:55.522 [main] INFO  testCases.TC001_AccountRegistrationTest - Validation expected message...
22:48:55.552 [main] INFO  testCases.TC001_AccountRegistrationTest - ***** Finished TC001_AccountRegistrationTest *****
22:49:34.615 [main] WARN  org.testng.TestNG - Ignoring duplicate listener : utilities.ExtentReportManager
22:49:37.883 [main] INFO  testCases.TC001_AccountRegistrationTest - ***** Starting TC001_AccountRegistrationTest *****
22:49:50.008 [main] INFO  testCases.TC002_LoginTest - ***** Starting TC_002_LoginTest *****
22:50:04.806 [main] INFO  testCases.TC001_AccountRegistrationTest - ***** Starting TC001_AccountRegistrationTest *****
22:50:46.355 [main] WARN  org.testng.TestNG - Ignoring duplicate listener : utilities.ExtentReportManager
22:50:49.308 [main] INFO  testCases.TC001_AccountRegistrationTest - ***** Starting TC001_AccountRegistrationTest *****
22:51:03.853 [main] INFO  testCases.TC002_LoginTest - ***** Starting TC_002_LoginTest *****
22:51:17.756 [main] INFO  testCases.TC001_AccountRegistrationTest - ***** Starting TC001_AccountRegistrationTest *****
22:51:46.242 [main] WARN  org.testng.TestNG - Ignoring duplicate listener : utilities.ExtentReportManager
22:51:49.415 [main] INFO  testCases.TC001_AccountRegistrationTest - ***** Starting TC001_AccountRegistrationTest *****
22:52:03.827 [main] WARN  org.testng.TestNG - Ignoring duplicate listener : utilities.ExtentReportManager
22:52:20.756 [main] INFO  testCases.TC001_AccountRegistrationTest - ***** Starting TC001_AccountRegistrationTest *****
22:52:38.022 [main] INFO  testCases.TC002_LoginTest - ***** Starting TC_002_LoginTest *****
22:52:55.598 [main] INFO  testCases.TC001_AccountRegistrationTest - ***** Starting TC001_AccountRegistrationTest *****
22:56:20.303 [main] WARN  org.testng.TestNG - Ignoring duplicate listener : utilities.ExtentReportManager
22:56:24.266 [main] INFO  testCases.TC001_AccountRegistrationTest - ***** Starting TC001_AccountRegistrationTest *****
22:56:24.353 [main] INFO  testCases.TC001_AccountRegistrationTest - Clicked on MyAccount Link 
22:56:24.769 [main] INFO  testCases.TC001_AccountRegistrationTest - Clicked on Register Link 
22:56:24.771 [main] INFO  testCases.TC001_AccountRegistrationTest - Providing customer details....
22:56:25.160 [main] INFO  testCases.TC001_AccountRegistrationTest - Validation expected message...
22:56:25.849 [main] INFO  testCases.TC001_AccountRegistrationTest - ***** Finished TC001_AccountRegistrationTest *****
22:56:28.807 [main] INFO  testCases.TC002_LoginTest - ***** Starting TC_002_LoginTest *****
22:56:29.992 [main] INFO  testCases.TC002_LoginTest - ***** Finished TC_002_LoginTest *****
22:56:39.986 [main] INFO  testCases.TC001_AccountRegistrationTest - ***** Starting TC001_AccountRegistrationTest *****
22:56:40.051 [main] INFO  testCases.TC001_AccountRegistrationTest - Clicked on MyAccount Link 
22:56:41.858 [main] INFO  testCases.TC001_AccountRegistrationTest - Clicked on Register Link 
22:56:41.860 [main] INFO  testCases.TC001_AccountRegistrationTest - Providing customer details....
22:56:42.285 [main] INFO  testCases.TC001_AccountRegistrationTest - Validation expected message...
22:56:43.475 [main] INFO  testCases.TC001_AccountRegistrationTest - ***** Finished TC001_AccountRegistrationTest *****
10:19:23.745 [main] WARN  org.testng.TestNG - Ignoring duplicate listener : utilities.ExtentReportManager
10:19:26.609 [main] INFO  testCases.TC001_AccountRegistrationTest - ***** Starting TC001_AccountRegistrationTest *****
10:19:26.868 [main] INFO  testCases.TC001_AccountRegistrationTest - Clicked on MyAccount Link 
10:19:27.170 [main] INFO  testCases.TC001_AccountRegistrationTest - Clicked on Register Link 
10:19:27.173 [main] INFO  testCases.TC001_AccountRegistrationTest - Providing customer details....
10:19:28.254 [main] INFO  testCases.TC001_AccountRegistrationTest - Validation expected message...
10:19:28.283 [main] INFO  testCases.TC001_AccountRegistrationTest - ***** Finished TC001_AccountRegistrationTest *****
10:19:30.138 [main] INFO  testCases.TC002_LoginTest - ***** Starting TC_002_LoginTest *****
10:19:31.665 [main] INFO  testCases.TC002_LoginTest - ***** Finished TC_002_LoginTest *****
10:19:35.071 [main] INFO  testCases.TC001_AccountRegistrationTest - ***** Starting TC001_AccountRegistrationTest *****
10:19:35.330 [main] INFO  testCases.TC001_AccountRegistrationTest - Clicked on MyAccount Link 
10:19:35.619 [main] INFO  testCases.TC001_AccountRegistrationTest - Clicked on Register Link 
10:19:35.620 [main] INFO  testCases.TC001_AccountRegistrationTest - Providing customer details....
10:19:36.093 [main] INFO  testCases.TC001_AccountRegistrationTest - Validation expected message...
10:19:36.862 [main] INFO  testCases.TC001_AccountRegistrationTest - ***** Finished TC001_AccountRegistrationTest *****
10:20:11.642 [main] WARN  org.testng.TestNG - Ignoring duplicate listener : utilities.ExtentReportManager
10:20:14.149 [main] INFO  testCases.TC001_AccountRegistrationTest - ***** Starting TC001_AccountRegistrationTest *****
10:20:14.451 [main] INFO  testCases.TC001_AccountRegistrationTest - Clicked on MyAccount Link 
10:20:14.754 [main] INFO  testCases.TC001_AccountRegistrationTest - Clicked on Register Link 
10:20:14.755 [main] INFO  testCases.TC001_AccountRegistrationTest - Providing customer details....
10:20:15.842 [main] INFO  testCases.TC001_AccountRegistrationTest - Validation expected message...
10:20:15.874 [main] INFO  testCases.TC001_AccountRegistrationTest - ***** Finished TC001_AccountRegistrationTest *****
10:20:17.837 [main] INFO  testCases.TC002_LoginTest - ***** Starting TC_002_LoginTest *****
10:20:19.105 [main] INFO  testCases.TC002_LoginTest - ***** Finished TC_002_LoginTest *****
10:20:22.218 [main] INFO  testCases.TC001_AccountRegistrationTest - ***** Starting TC001_AccountRegistrationTest *****
10:20:22.416 [main] INFO  testCases.TC001_AccountRegistrationTest - Clicked on MyAccount Link 
10:20:22.715 [main] INFO  testCases.TC001_AccountRegistrationTest - Clicked on Register Link 
10:20:22.716 [main] INFO  testCases.TC001_AccountRegistrationTest - Providing customer details....
10:20:23.141 [main] INFO  testCases.TC001_AccountRegistrationTest - Validation expected message...
10:20:23.832 [main] INFO  testCases.TC001_AccountRegistrationTest - ***** Finished TC001_AccountRegistrationTest *****
10:21:30.876 [main] WARN  org.testng.TestNG - Ignoring duplicate listener : utilities.ExtentReportManager
10:21:33.268 [main] INFO  testCases.TC001_AccountRegistrationTest - ***** Starting TC001_AccountRegistrationTest *****
10:21:33.556 [main] INFO  testCases.TC001_AccountRegistrationTest - Clicked on MyAccount Link 
10:21:33.846 [main] INFO  testCases.TC001_AccountRegistrationTest - Clicked on Register Link 
10:21:33.848 [main] INFO  testCases.TC001_AccountRegistrationTest - Providing customer details....
10:21:34.243 [main] INFO  testCases.TC001_AccountRegistrationTest - Validation expected message...
10:21:34.915 [main] INFO  testCases.TC001_AccountRegistrationTest - ***** Finished TC001_AccountRegistrationTest *****
10:21:36.809 [main] INFO  testCases.TC002_LoginTest - ***** Starting TC_002_LoginTest *****
10:21:38.108 [main] INFO  testCases.TC002_LoginTest - ***** Finished TC_002_LoginTest *****
10:21:40.934 [main] INFO  testCases.TC001_AccountRegistrationTest - ***** Starting TC001_AccountRegistrationTest *****
10:21:41.206 [main] INFO  testCases.TC001_AccountRegistrationTest - Clicked on MyAccount Link 
10:21:41.489 [main] INFO  testCases.TC001_AccountRegistrationTest - Clicked on Register Link 
10:21:41.490 [main] INFO  testCases.TC001_AccountRegistrationTest - Providing customer details....
10:21:42.520 [main] INFO  testCases.TC001_AccountRegistrationTest - Validation expected message...
10:21:42.567 [main] INFO  testCases.TC001_AccountRegistrationTest - ***** Finished TC001_AccountRegistrationTest *****
10:24:29.642 [main] WARN  org.testng.TestNG - Ignoring duplicate listener : utilities.ExtentReportManager
10:24:32.056 [main] INFO  testCases.TC001_AccountRegistrationTest - ***** Starting TC001_AccountRegistrationTest *****
10:24:32.331 [main] INFO  testCases.TC001_AccountRegistrationTest - Clicked on MyAccount Link 
10:24:32.735 [main] INFO  testCases.TC001_AccountRegistrationTest - Clicked on Register Link 
10:24:32.737 [main] INFO  testCases.TC001_AccountRegistrationTest - Providing customer details....
10:24:33.153 [main] INFO  testCases.TC001_AccountRegistrationTest - Validation expected message...
10:24:33.992 [main] INFO  testCases.TC001_AccountRegistrationTest - ***** Finished TC001_AccountRegistrationTest *****
10:24:36.189 [main] INFO  testCases.TC002_LoginTest - ***** Starting TC_002_LoginTest *****
10:24:37.430 [main] INFO  testCases.TC002_LoginTest - ***** Finished TC_002_LoginTest *****
10:24:40.330 [main] INFO  testCases.TC001_AccountRegistrationTest - ***** Starting TC001_AccountRegistrationTest *****
10:24:40.603 [main] INFO  testCases.TC001_AccountRegistrationTest - Clicked on MyAccount Link 
10:24:40.894 [main] INFO  testCases.TC001_AccountRegistrationTest - Clicked on Register Link 
10:24:40.895 [main] INFO  testCases.TC001_AccountRegistrationTest - Providing customer details....
10:24:42.328 [main] INFO  testCases.TC001_AccountRegistrationTest - Validation expected message...
10:24:42.374 [main] INFO  testCases.TC001_AccountRegistrationTest - ***** Finished TC001_AccountRegistrationTest *****
10:29:33.913 [main] WARN  org.testng.TestNG - Ignoring duplicate listener : utilities.ExtentReportManager
10:29:36.590 [main] INFO  testCases.TC001_AccountRegistrationTest - ***** Starting TC001_AccountRegistrationTest *****
10:29:36.846 [main] INFO  testCases.TC001_AccountRegistrationTest - Clicked on MyAccount Link 
10:29:37.135 [main] INFO  testCases.TC001_AccountRegistrationTest - Clicked on Register Link 
10:29:37.137 [main] INFO  testCases.TC001_AccountRegistrationTest - Providing customer details....
10:29:38.218 [main] INFO  testCases.TC001_AccountRegistrationTest - Validation expected message...
10:29:38.255 [main] INFO  testCases.TC001_AccountRegistrationTest - ***** Finished TC001_AccountRegistrationTest *****
10:29:40.153 [main] INFO  testCases.TC002_LoginTest - ***** Starting TC_002_LoginTest *****
10:29:41.617 [main] INFO  testCases.TC002_LoginTest - ***** Finished TC_002_LoginTest *****
10:29:44.584 [main] INFO  testCases.TC001_AccountRegistrationTest - ***** Starting TC001_AccountRegistrationTest *****
10:29:44.848 [main] INFO  testCases.TC001_AccountRegistrationTest - Clicked on MyAccount Link 
10:29:45.154 [main] INFO  testCases.TC001_AccountRegistrationTest - Clicked on Register Link 
10:29:45.155 [main] INFO  testCases.TC001_AccountRegistrationTest - Providing customer details....
10:29:46.548 [main] INFO  testCases.TC001_AccountRegistrationTest - Validation expected message...
10:29:46.581 [main] INFO  testCases.TC001_AccountRegistrationTest - ***** Finished TC001_AccountRegistrationTest *****
10:31:17.990 [main] WARN  org.testng.TestNG - Ignoring duplicate listener : utilities.ExtentReportManager
10:31:20.371 [main] INFO  testCases.TC001_AccountRegistrationTest - ***** Starting TC001_AccountRegistrationTest *****
10:31:20.632 [main] INFO  testCases.TC001_AccountRegistrationTest - Clicked on MyAccount Link 
10:31:20.946 [main] INFO  testCases.TC001_AccountRegistrationTest - Clicked on Register Link 
10:31:20.947 [main] INFO  testCases.TC001_AccountRegistrationTest - Providing customer details....
10:31:22.016 [main] INFO  testCases.TC001_AccountRegistrationTest - Validation expected message...
10:31:22.045 [main] INFO  testCases.TC001_AccountRegistrationTest - ***** Finished TC001_AccountRegistrationTest *****
10:31:23.949 [main] INFO  testCases.TC002_LoginTest - ***** Starting TC_002_LoginTest *****
10:31:25.194 [main] INFO  testCases.TC002_LoginTest - ***** Finished TC_002_LoginTest *****
10:31:28.124 [main] INFO  testCases.TC001_AccountRegistrationTest - ***** Starting TC001_AccountRegistrationTest *****
10:31:28.382 [main] INFO  testCases.TC001_AccountRegistrationTest - Clicked on MyAccount Link 
10:31:28.669 [main] INFO  testCases.TC001_AccountRegistrationTest - Clicked on Register Link 
10:31:28.670 [main] INFO  testCases.TC001_AccountRegistrationTest - Providing customer details....
10:31:29.661 [main] INFO  testCases.TC001_AccountRegistrationTest - Validation expected message...
10:31:29.691 [main] INFO  testCases.TC001_AccountRegistrationTest - ***** Finished TC001_AccountRegistrationTest *****
10:32:21.316 [main] WARN  org.testng.TestNG - Ignoring duplicate listener : utilities.ExtentReportManager
10:32:23.929 [main] INFO  testCases.TC001_AccountRegistrationTest - ***** Starting TC001_AccountRegistrationTest *****
10:32:24.148 [main] INFO  testCases.TC001_AccountRegistrationTest - Clicked on MyAccount Link 
10:32:24.500 [main] INFO  testCases.TC001_AccountRegistrationTest - Clicked on Register Link 
10:32:24.501 [main] INFO  testCases.TC001_AccountRegistrationTest - Providing customer details....
10:32:25.492 [main] INFO  testCases.TC001_AccountRegistrationTest - Validation expected message...
10:32:25.524 [main] INFO  testCases.TC001_AccountRegistrationTest - ***** Finished TC001_AccountRegistrationTest *****
10:32:27.414 [main] INFO  testCases.TC002_LoginTest - ***** Starting TC_002_LoginTest *****
10:32:28.756 [main] INFO  testCases.TC002_LoginTest - ***** Finished TC_002_LoginTest *****
10:32:31.634 [main] INFO  testCases.TC001_AccountRegistrationTest - ***** Starting TC001_AccountRegistrationTest *****
10:32:31.909 [main] INFO  testCases.TC001_AccountRegistrationTest - Clicked on MyAccount Link 
10:32:32.196 [main] INFO  testCases.TC001_AccountRegistrationTest - Clicked on Register Link 
10:32:32.197 [main] INFO  testCases.TC001_AccountRegistrationTest - Providing customer details....
10:32:33.191 [main] INFO  testCases.TC001_AccountRegistrationTest - Validation expected message...
10:32:33.221 [main] INFO  testCases.TC001_AccountRegistrationTest - ***** Finished TC001_AccountRegistrationTest *****
